Archive member included to satisfy reference by file (symbol)

c:/progra~2/gnuarm~1/102021~1.10/bin/../lib/gcc/arm-none-eabi/10.3.1/thumb/v6-m/nofp\libgcc.a(_dvmd_tls.o)
                              CMakeFiles/picoPioUartTx.dir/C_/Users/m3925/Documents/Pico/pico-sdk/src/rp2_common/pico_divider/divider.S.obj (__aeabi_idiv0)
c:/progra~2/gnuarm~1/102021~1.10/bin/../lib/gcc/arm-none-eabi/10.3.1/../../../../arm-none-eabi/lib/thumb/v6-m/nofp\libg.a(lib_a-calloc.o)
                              CMakeFiles/picoPioUartTx.dir/C_/Users/m3925/Documents/Pico/pico-sdk/src/rp2_common/pico_malloc/pico_malloc.c.obj (calloc)
c:/progra~2/gnuarm~1/102021~1.10/bin/../lib/gcc/arm-none-eabi/10.3.1/../../../../arm-none-eabi/lib/thumb/v6-m/nofp\libg.a(lib_a-callocr.o)
                              c:/progra~2/gnuarm~1/102021~1.10/bin/../lib/gcc/arm-none-eabi/10.3.1/../../../../arm-none-eabi/lib/thumb/v6-m/nofp\libg.a(lib_a-calloc.o) (_calloc_r)
c:/progra~2/gnuarm~1/102021~1.10/bin/../lib/gcc/arm-none-eabi/10.3.1/../../../../arm-none-eabi/lib/thumb/v6-m/nofp\libg.a(lib_a-errno.o)
                              c:/progra~2/gnuarm~1/102021~1.10/bin/../lib/gcc/arm-none-eabi/10.3.1/../../../../arm-none-eabi/lib/thumb/v6-m/nofp\libg.a(lib_a-callocr.o) (__errno)
c:/progra~2/gnuarm~1/102021~1.10/bin/../lib/gcc/arm-none-eabi/10.3.1/../../../../arm-none-eabi/lib/thumb/v6-m/nofp\libg.a(lib_a-impure.o)
                              c:/progra~2/gnuarm~1/102021~1.10/bin/../lib/gcc/arm-none-eabi/10.3.1/../../../../arm-none-eabi/lib/thumb/v6-m/nofp\libg.a(lib_a-calloc.o) (_impure_ptr)
c:/progra~2/gnuarm~1/102021~1.10/bin/../lib/gcc/arm-none-eabi/10.3.1/../../../../arm-none-eabi/lib/thumb/v6-m/nofp\libg.a(lib_a-init.o)
                              c:/progra~2/gnuarm~1/102021~1.10/bin/../lib/gcc/arm-none-eabi/10.3.1/../../../../arm-none-eabi/lib/thumb/v6-m/nofp/crt0.o (__libc_init_array)
c:/progra~2/gnuarm~1/102021~1.10/bin/../lib/gcc/arm-none-eabi/10.3.1/../../../../arm-none-eabi/lib/thumb/v6-m/nofp\libg.a(lib_a-malloc.o)
                              CMakeFiles/picoPioUartTx.dir/C_/Users/m3925/Documents/Pico/pico-sdk/src/rp2_common/pico_malloc/pico_malloc.c.obj (malloc)
c:/progra~2/gnuarm~1/102021~1.10/bin/../lib/gcc/arm-none-eabi/10.3.1/../../../../arm-none-eabi/lib/thumb/v6-m/nofp\libg.a(lib_a-mallocr.o)
                              c:/progra~2/gnuarm~1/102021~1.10/bin/../lib/gcc/arm-none-eabi/10.3.1/../../../../arm-none-eabi/lib/thumb/v6-m/nofp\libg.a(lib_a-callocr.o) (_malloc_r)
c:/progra~2/gnuarm~1/102021~1.10/bin/../lib/gcc/arm-none-eabi/10.3.1/../../../../arm-none-eabi/lib/thumb/v6-m/nofp\libg.a(lib_a-mlock.o)
                              c:/progra~2/gnuarm~1/102021~1.10/bin/../lib/gcc/arm-none-eabi/10.3.1/../../../../arm-none-eabi/lib/thumb/v6-m/nofp\libg.a(lib_a-mallocr.o) (__malloc_lock)
c:/progra~2/gnuarm~1/102021~1.10/bin/../lib/gcc/arm-none-eabi/10.3.1/../../../../arm-none-eabi/lib/thumb/v6-m/nofp\libg.a(lib_a-realloc.o)
                              CMakeFiles/picoPioUartTx.dir/C_/Users/m3925/Documents/Pico/pico-sdk/src/rp2_common/pico_malloc/pico_malloc.c.obj (realloc)
c:/progra~2/gnuarm~1/102021~1.10/bin/../lib/gcc/arm-none-eabi/10.3.1/../../../../arm-none-eabi/lib/thumb/v6-m/nofp\libg.a(lib_a-reallocr.o)
                              c:/progra~2/gnuarm~1/102021~1.10/bin/../lib/gcc/arm-none-eabi/10.3.1/../../../../arm-none-eabi/lib/thumb/v6-m/nofp\libg.a(lib_a-realloc.o) (_realloc_r)
c:/progra~2/gnuarm~1/102021~1.10/bin/../lib/gcc/arm-none-eabi/10.3.1/../../../../arm-none-eabi/lib/thumb/v6-m/nofp\libg.a(lib_a-sbrkr.o)
                              c:/progra~2/gnuarm~1/102021~1.10/bin/../lib/gcc/arm-none-eabi/10.3.1/../../../../arm-none-eabi/lib/thumb/v6-m/nofp\libg.a(lib_a-mallocr.o) (_sbrk_r)
c:/progra~2/gnuarm~1/102021~1.10/bin/../lib/gcc/arm-none-eabi/10.3.1/../../../../arm-none-eabi/lib/thumb/v6-m/nofp\libg.a(lib_a-strlen-stub.o)
                              CMakeFiles/picoPioUartTx.dir/C_/Users/m3925/Documents/Pico/pico-sdk/src/rp2_common/pico_stdio/stdio.c.obj (strlen)
c:/progra~2/gnuarm~1/102021~1.10/bin/../lib/gcc/arm-none-eabi/10.3.1/../../../../arm-none-eabi/lib/thumb/v6-m/nofp\libg.a(lib_a-freer.o)
                              c:/progra~2/gnuarm~1/102021~1.10/bin/../lib/gcc/arm-none-eabi/10.3.1/../../../../arm-none-eabi/lib/thumb/v6-m/nofp\libg.a(lib_a-malloc.o) (_free_r)
c:/progra~2/gnuarm~1/102021~1.10/bin/../lib/gcc/arm-none-eabi/10.3.1/../../../../arm-none-eabi/lib/thumb/v6-m/nofp\libg.a(lib_a-lock.o)
                              c:/progra~2/gnuarm~1/102021~1.10/bin/../lib/gcc/arm-none-eabi/10.3.1/../../../../arm-none-eabi/lib/thumb/v6-m/nofp\libg.a(lib_a-mlock.o) (__retarget_lock_acquire_recursive)
c:/progra~2/gnuarm~1/102021~1.10/bin/../lib/gcc/arm-none-eabi/10.3.1/../../../../arm-none-eabi/lib/thumb/v6-m/nofp\libg.a(lib_a-memmove.o)
[...]
Memory Configuration

Name             Origin             Length             Attributes
FLASH            0x10000000         0x00200000         xr
RAM              0x20000000         0x00040000         xrw
SCRATCH_X        0x20040000         0x00001000         xrw
SCRATCH_Y        0x20041000         0x00001000         xrw
*default*        0x00000000         0xffffffff

Linker script and memory map

LOAD c:/progra~2/gnuarm~1/102021~1.10/bin/../lib/gcc/arm-none-eabi/10.3.1/thumb/v6-m/nofp/crti.o
LOAD c:/progra~2/gnuarm~1/102021~1.10/bin/../lib/gcc/arm-none-eabi/10.3.1/thumb/v6-m/nofp/crtbegin.o
LOAD c:/progra~2/gnuarm~1/102021~1.10/bin/../lib/gcc/arm-none-eabi/10.3.1/../../../../arm-none-eabi/lib/thumb/v6-m/nofp/crt0.o

.flash_begin    0x10000000        0x0
                0x10000000                __flash_binary_start = .

.boot2          0x10000000      0x100
                0x10000000                __boot2_start__ = .
 *(.boot2)
 .boot2         0x10000000      0x100 C:\Users\m3925\AppData\Local\Temp\ccAeaIzo.o
                0x10000100                __boot2_end__ = .
                0x00000001                ASSERT (((__boot2_end__ - __boot2_start__) == 0x100), ERROR: Pico second stage bootloader must be 256 bytes in size)

.text           0x10000100     0x4578
                0x10000100                __logical_binary_start = .
 *(.vectors)
 .vectors       0x10000100       0xd4 CMakeFiles/picoPioUartTx.dir/C_/Users/m3925/Documents/Pico/pico-sdk/src/rp2_common/pico_standard_link/crt0.S.obj
                0x10000100                __VECTOR_TABLE
                0x10000100                __vectors
                0x100001c0                isr_invalid
                0x100001c0                __default_isrs_start
                0x100001c2                isr_nmi
                0x100001c4                isr_hardfault
                0x100001c6                isr_svcall
                0x100001c8                isr_pendsv
                0x100001ca                isr_systick
                0x100001cc                isr_irq23
                0x100001cc                isr_irq18
                0x100001cc                isr_irq11
                0x100001cc                isr_irq28
                0x100001cc                isr_irq19
                0x100001cc                isr_irq0
                0x100001cc                isr_irq6
                0x100001cc                isr_irq5
                0x100001cc                isr_irq12
                0x100001cc                isr_irq22
                0x100001cc                isr_irq31
                0x100001cc                isr_irq17
                0x100001cc                isr_irq27
                0x100001cc                isr_irq30
                0x100001cc                isr_irq2
                0x100001cc                isr_irq10
                0x100001cc                isr_irq8
                0x100001cc                isr_irq24
                0x100001cc                isr_irq1
                0x100001cc                isr_irq7
                0x100001cc                isr_irq21
                0x100001cc                isr_irq20
                0x100001cc                isr_irq15
                0x100001cc                isr_irq25
                0x100001cc                isr_irq13
                0x100001cc                __unhandled_user_irq
                0x100001cc                isr_irq4
                0x100001cc                isr_irq16
                0x100001cc                isr_irq29
                0x100001cc                isr_irq26
                0x100001cc                __default_isrs_end
                0x100001cc                isr_irq3
                0x100001cc                isr_irq14
                0x100001cc                isr_irq9
                0x100001d2                unhandled_user_irq_num_in_r0
 *(.binary_info_header)
 .binary_info_header
                0x100001d4       0x14 CMakeFiles/picoPioUartTx.dir/C_/Users/m3925/Documents/Pico/pico-sdk/src/rp2_common/pico_standard_link/crt0.S.obj
                0x100001e8                __binary_info_header_end = .
 *(.reset)
 .reset         0x100001e8       0xa8 CMakeFiles/picoPioUartTx.dir/C_/Users/m3925/Documents/Pico/pico-sdk/src/rp2_common/pico_standard_link/crt0.S.obj
                0x100001e8                _entry_point
                0x10000266                __get_current_exception
 .reset         0x10000290       0x30 CMakeFiles/picoPioUartTx.dir/C_/Users/m3925/Documents/Pico/pico-sdk/src/rp2_common/pico_standard_link/binary_info.c.obj
 *(.init)
 .init          0x100002c0        0x4 c:/progra~2/gnuarm~1/102021~1.10/bin/../lib/gcc/arm-none-eabi/10.3.1/thumb/v6-m/nofp/crti.o
                0x100002c0                _init
 *(EXCLUDE_FILE(*libm.a: *libc.a:*lib_a-mem*.o *libgcc.a:) .text*)
 .text          0x100002c4       0x48 c:/progra~2/gnuarm~1/102021~1.10/bin/../lib/gcc/arm-none-eabi/10.3.1/thumb/v6-m/nofp/crtbegin.o
 .text.picoPioUartTx_program_putc
                0x1000030c       0x50 CMakeFiles/picoPioUartTx.dir/picoPioUartTx.c.obj
                0x1000030c                picoPioUartTx_program_putc
 .text.picoPioUartTx_program_puts
                0x1000035c       0x1e CMakeFiles/picoPioUartTx.dir/picoPioUartTx.c.obj
                0x1000035c                picoPioUartTx_program_puts
 *fill*         0x1000037a        0x2 
 .text.main     0x1000037c      0x158 CMakeFiles/picoPioUartTx.dir/picoPioUartTx.c.obj
                0x1000037c                main
 .text.gpio_set_function
                0x100004d4       0x30 CMakeFiles/picoPioUartTx.dir/C_/Users/m3925/Documents/Pico/pico-sdk/src/rp2_common/hardware_gpio/gpio.c.obj
                0x100004d4                gpio_set_function
 .text.hw_claim_lock
                0x10000504       0x18 CMakeFiles/picoPioUartTx.dir/C_/Users/m3925/Documents/Pico/pico-sdk/src/rp2_common/hardware_claim/claim.c.obj
                0x10000504                hw_claim_lock
 .text.hw_claim_unlock
                0x1000051c       0x14 CMakeFiles/picoPioUartTx.dir/C_/Users/m3925/Documents/Pico/pico-sdk/src/rp2_common/hardware_claim/claim.c.obj
                0x1000051c                hw_claim_unlock
 .text.hw_claim_or_assert
                0x10000530       0x32 CMakeFiles/picoPioUartTx.dir/C_/Users/m3925/Documents/Pico/pico-sdk/src/rp2_common/hardware_claim/claim.c.obj
                0x10000530                hw_claim_or_assert
 *fill*         0x10000562        0x2 
 .text.running_on_fpga
                0x10000564       0x14 CMakeFiles/picoPioUartTx.dir/C_/Users/m3925/Documents/Pico/pico-sdk/src/rp2_common/pico_platform/platform.c.obj
                0x10000564                running_on_fpga
 .text.spin_locks_reset
                0x10000578       0x20 CMakeFiles/picoPioUartTx.dir/C_/Users/m3925/Documents/Pico/pico-sdk/src/rp2_common/hardware_sync/sync.c.obj
                0x10000578                spin_locks_reset
 .text.next_striped_spin_lock_num
                0x10000598       0x1c CMakeFiles/picoPioUartTx.dir/C_/Users/m3925/Documents/Pico/pico-sdk/src/rp2_common/hardware_sync/sync.c.obj
                0x10000598                next_striped_spin_lock_num
 .text.set_raw_irq_handler_and_unlock
                0x100005b4       0x28 CMakeFiles/picoPioUartTx.dir/C_/Users/m3925/Documents/Pico/pico-sdk/src/rp2_common/hardware_irq/irq.c.obj
 .text.make_branch
                0x100005dc       0x48 CMakeFiles/picoPioUartTx.dir/C_/Users/m3925/Documents/Pico/pico-sdk/src/rp2_common/hardware_irq/irq.c.obj
 .text.insert_branch_and_link
                0x10000624       0x40 CMakeFiles/picoPioUartTx.dir/C_/Users/m3925/Documents/Pico/pico-sdk/src/rp2_common/hardware_irq/irq.c.obj
 .text.irq_is_enabled
                0x10000664       0x18 CMakeFiles/picoPioUartTx.dir/C_/Users/m3925/Documents/Pico/pico-sdk/src/rp2_common/hardware_irq/irq.c.obj
                0x10000664                irq_is_enabled
 .text.irq_set_mask_enabled
                0x1000067c       0x20 CMakeFiles/picoPioUartTx.dir/C_/Users/m3925/Documents/Pico/pico-sdk/src/rp2_common/hardware_irq/irq.c.obj
                0x1000067c                irq_set_mask_enabled
 .text.irq_set_enabled
                0x1000069c        0xe CMakeFiles/picoPioUartTx.dir/C_/Users/m3925/Documents/Pico/pico-sdk/src/rp2_common/hardware_irq/irq.c.obj
                0x1000069c                irq_set_enabled
 *fill*         0x100006aa        0x2 
 .text.irq_get_vtable_handler
                0x100006ac       0x10 CMakeFiles/picoPioUartTx.dir/C_/Users/m3925/Documents/Pico/pico-sdk/src/rp2_common/hardware_irq/irq.c.obj
                0x100006ac                irq_get_vtable_handler
 .text.irq_set_exclusive_handler
                0x100006bc       0x54 CMakeFiles/picoPioUartTx.dir/C_/Users/m3925/Documents/Pico/pico-sdk/src/rp2_common/hardware_irq/irq.c.obj
                0x100006bc                irq_set_exclusive_handler
 .text.irq_remove_handler
                0x10000710      0x1a8 CMakeFiles/picoPioUartTx.dir/C_/Users/m3925/Documents/Pico/pico-sdk/src/rp2_common/hardware_irq/irq.c.obj
                0x10000710                irq_remove_handler
 .text.irq_add_tail_to_free_list
                0x100008b8       0xf0 CMakeFiles/picoPioUartTx.dir/C_/Users/m3925/Documents/Pico/pico-sdk/src/rp2_common/hardware_irq/irq.c.obj
                0x100008b8                irq_add_tail_to_free_list
 .text.irq_init_priorities
                0x100009a8       0x1c CMakeFiles/picoPioUartTx.dir/C_/Users/m3925/Documents/Pico/pico-sdk/src/rp2_common/hardware_irq/irq.c.obj
                0x100009a8                irq_init_priorities
 .text.lock_init
                0x100009c4       0x10 CMakeFiles/picoPioUartTx.dir/C_/Users/m3925/Documents/Pico/pico-sdk/src/common/pico_sync/lock_core.c.obj
                0x100009c4                lock_init
 .text.alarm_pool_post_alloc_init
                0x100009d4       0x40 CMakeFiles/picoPioUartTx.dir/C_/Users/m3925/Documents/Pico/pico-sdk/src/common/pico_time/time.c.obj
 .text.sleep_until_callback
                0x10000a14       0x30 CMakeFiles/picoPioUartTx.dir/C_/Users/m3925/Documents/Pico/pico-sdk/src/common/pico_time/time.c.obj
 .text.timer_pool_entry_comparator
                0x10000a44       0x7c CMakeFiles/picoPioUartTx.dir/C_/Users/m3925/Documents/Pico/pico-sdk/src/common/pico_time/time.c.obj
                0x10000a44                timer_pool_entry_comparator
 .text.ph_add_child_node
                0x10000ac0       0xa4 CMakeFiles/picoPioUartTx.dir/C_/Users/m3925/Documents/Pico/pico-sdk/src/common/pico_time/time.c.obj
 .text.ph_merge_nodes
                0x10000b64       0x3e CMakeFiles/picoPioUartTx.dir/C_/Users/m3925/Documents/Pico/pico-sdk/src/common/pico_time/time.c.obj
 *fill*         0x10000ba2        0x2 
 .text.add_alarm_under_lock
                0x10000ba4      0x174 CMakeFiles/picoPioUartTx.dir/C_/Users/m3925/Documents/Pico/pico-sdk/src/common/pico_time/time.c.obj
 .text.alarm_pool_alarm_callback
                0x10000d18      0x328 CMakeFiles/picoPioUartTx.dir/C_/Users/m3925/Documents/Pico/pico-sdk/src/common/pico_time/time.c.obj
 .text.alarm_pool_init_default
                0x10001040       0x38 CMakeFiles/picoPioUartTx.dir/C_/Users/m3925/Documents/Pico/pico-sdk/src/common/pico_time/time.c.obj
                0x10001040                alarm_pool_init_default
 .text.alarm_pool_get_default
                0x10001078       0x2c CMakeFiles/picoPioUartTx.dir/C_/Users/m3925/Documents/Pico/pico-sdk/src/common/pico_time/time.c.obj
                0x10001078                alarm_pool_get_default
 .text.alarm_pool_add_alarm_at
                0x100010a4      0x170 CMakeFiles/picoPioUartTx.dir/C_/Users/m3925/Documents/Pico/pico-sdk/src/common/pico_time/time.c.obj
                0x100010a4                alarm_pool_add_alarm_at
 .text.sleep_until
                0x10001214       0xfc CMakeFiles/picoPioUartTx.dir/C_/Users/m3925/Documents/Pico/pico-sdk/src/common/pico_time/time.c.obj
                0x10001214                sleep_until
 .text.sleep_us
                0x10001310       0x58 CMakeFiles/picoPioUartTx.dir/C_/Users/m3925/Documents/Pico/pico-sdk/src/common/pico_time/time.c.obj
                0x10001310                sleep_us
 .text.sleep_ms
                0x10001368       0x14 CMakeFiles/picoPioUartTx.dir/C_/Users/m3925/Documents/Pico/pico-sdk/src/common/pico_time/time.c.obj
                0x10001368                sleep_ms
 .text.hardware_alarm_irq_handler
                0x1000137c       0x8c CMakeFiles/picoPioUartTx.dir/C_/Users/m3925/Documents/Pico/pico-sdk/src/rp2_common/hardware_timer/timer.c.obj
 .text.hardware_alarm_claim
                0x10001408       0x18 CMakeFiles/picoPioUartTx.dir/C_/Users/m3925/Documents/Pico/pico-sdk/src/rp2_common/hardware_timer/timer.c.obj
                0x10001408                hardware_alarm_claim
 .text.time_us_64
                0x10001420       0x18 CMakeFiles/picoPioUartTx.dir/C_/Users/m3925/Documents/Pico/pico-sdk/src/rp2_common/hardware_timer/timer.c.obj
                0x10001420                time_us_64
 .text.busy_wait_until
                0x10001438       0x28 CMakeFiles/picoPioUartTx.dir/C_/Users/m3925/Documents/Pico/pico-sdk/src/rp2_common/hardware_timer/timer.c.obj
                0x10001438                busy_wait_until
 .text.hardware_alarm_set_callback
                0x10001460       0x90 CMakeFiles/picoPioUartTx.dir/C_/Users/m3925/Documents/Pico/pico-sdk/src/rp2_common/hardware_timer/timer.c.obj
                0x10001460                hardware_alarm_set_callback
 .text.hardware_alarm_set_target
                0x100014f0       0xe8 CMakeFiles/picoPioUartTx.dir/C_/Users/m3925/Documents/Pico/pico-sdk/src/rp2_common/hardware_timer/timer.c.obj
                0x100014f0                hardware_alarm_set_target
 .text.hardware_alarm_cancel
                0x100015d8       0x40 CMakeFiles/picoPioUartTx.dir/C_/Users/m3925/Documents/Pico/pico-sdk/src/rp2_common/hardware_timer/timer.c.obj
                0x100015d8                hardware_alarm_cancel
 .text.ph_add_child_node
                0x10001618       0xa4 CMakeFiles/picoPioUartTx.dir/C_/Users/m3925/Documents/Pico/pico-sdk/src/common/pico_util/pheap.c.obj
 .text.ph_merge_nodes
                0x100016bc       0x3e CMakeFiles/picoPioUartTx.dir/C_/Users/m3925/Documents/Pico/pico-sdk/src/common/pico_util/pheap.c.obj
 *fill*         0x100016fa        0x2 
 .text.ph_clear
                0x100016fc       0x70 CMakeFiles/picoPioUartTx.dir/C_/Users/m3925/Documents/Pico/pico-sdk/src/common/pico_util/pheap.c.obj
                0x100016fc                ph_clear
 .text.ph_post_alloc_init
                0x1000176c        0xe CMakeFiles/picoPioUartTx.dir/C_/Users/m3925/Documents/Pico/pico-sdk/src/common/pico_util/pheap.c.obj
                0x1000176c                ph_post_alloc_init
 *fill*         0x1000177a        0x2 
 .text.ph_merge_two_pass
                0x1000177c       0xa8 CMakeFiles/picoPioUartTx.dir/C_/Users/m3925/Documents/Pico/pico-sdk/src/common/pico_util/pheap.c.obj
                0x1000177c                ph_merge_two_pass
 .text.ph_remove_any_head
                0x10001824      0x108 CMakeFiles/picoPioUartTx.dir/C_/Users/m3925/Documents/Pico/pico-sdk/src/common/pico_util/pheap.c.obj
 .text.ph_remove_head
                0x1000192c       0x14 CMakeFiles/picoPioUartTx.dir/C_/Users/m3925/Documents/Pico/pico-sdk/src/common/pico_util/pheap.c.obj
                0x1000192c                ph_remove_head
 .text.ph_remove_and_free_node
                0x10001940       0xf8 CMakeFiles/picoPioUartTx.dir/C_/Users/m3925/Documents/Pico/pico-sdk/src/common/pico_util/pheap.c.obj
                0x10001940                ph_remove_and_free_node
 .text.mutex_init
                0x10001a38       0x1a CMakeFiles/picoPioUartTx.dir/C_/Users/m3925/Documents/Pico/pico-sdk/src/common/pico_sync/mutex.c.obj
                0x10001a38                mutex_init
 .text.recursive_mutex_init
                0x10001a52       0x1e CMakeFiles/picoPioUartTx.dir/C_/Users/m3925/Documents/Pico/pico-sdk/src/common/pico_sync/mutex.c.obj
                0x10001a52                recursive_mutex_init
 .text._exit    0x10001a70        0x4 CMakeFiles/picoPioUartTx.dir/C_/Users/m3925/Documents/Pico/pico-sdk/src/rp2_common/pico_runtime/runtime.c.obj
                0x10001a70                _exit
 .text.exit     0x10001a74        0x6 CMakeFiles/picoPioUartTx.dir/C_/Users/m3925/Documents/Pico/pico-sdk/src/rp2_common/pico_runtime/runtime.c.obj
                0x10001a74                exit
 *fill*         0x10001a7a        0x2 
 .text.__assert_func
                0x10001a7c       0x3c CMakeFiles/picoPioUartTx.dir/C_/Users/m3925/Documents/Pico/pico-sdk/src/rp2_common/pico_runtime/runtime.c.obj
                0x10001a7c                __assert_func
 .text.runtime_init
                0x10001ab8       0xf8 CMakeFiles/picoPioUartTx.dir/C_/Users/m3925/Documents/Pico/pico-sdk/src/rp2_common/pico_runtime/runtime.c.obj
                0x10001ab8                runtime_init
 .text.panic    0x10001bb0       0x30 CMakeFiles/picoPioUartTx.dir/C_/Users/m3925/Documents/Pico/pico-sdk/src/rp2_common/pico_runtime/runtime.c.obj
                0x10001bb0                panic
 .text.clock_configure
                0x10001be0      0x104 CMakeFiles/picoPioUartTx.dir/C_/Users/m3925/Documents/Pico/pico-sdk/src/rp2_common/hardware_clocks/clocks.c.obj
                0x10001be0                clock_configure
 .text.clocks_init
                0x10001ce4      0x100 CMakeFiles/picoPioUartTx.dir/C_/Users/m3925/Documents/Pico/pico-sdk/src/rp2_common/hardware_clocks/clocks.c.obj
                0x10001ce4                clocks_init
 .text.clock_get_hz
                0x10001de4        0xc CMakeFiles/picoPioUartTx.dir/C_/Users/m3925/Documents/Pico/pico-sdk/src/rp2_common/hardware_clocks/clocks.c.obj
                0x10001de4                clock_get_hz
 .text.pll_init
                0x10001df0      0x140 CMakeFiles/picoPioUartTx.dir/C_/Users/m3925/Documents/Pico/pico-sdk/src/rp2_common/hardware_pll/pll.c.obj
                0x10001df0                pll_init
 .text.watchdog_start_tick
                0x10001f30       0x10 CMakeFiles/picoPioUartTx.dir/C_/Users/m3925/Documents/Pico/pico-sdk/src/rp2_common/hardware_watchdog/watchdog.c.obj
                0x10001f30                watchdog_start_tick
 .text.xosc_init
                0x10001f40       0x28 CMakeFiles/picoPioUartTx.dir/C_/Users/m3925/Documents/Pico/pico-sdk/src/rp2_common/hardware_xosc/xosc.c.obj
                0x10001f40                xosc_init
 .text._out_null
                0x10001f68        0x2 CMakeFiles/picoPioUartTx.dir/C_/Users/m3925/Documents/Pico/pico-sdk/src/rp2_common/pico_printf/printf.c.obj
 .text._out_fct
                0x10001f6a        0xe CMakeFiles/picoPioUartTx.dir/C_/Users/m3925/Documents/Pico/pico-sdk/src/rp2_common/pico_printf/printf.c.obj
 .text._atoi    0x10001f78       0x24 CMakeFiles/picoPioUartTx.dir/C_/Users/m3925/Documents/Pico/pico-sdk/src/rp2_common/pico_printf/printf.c.obj
 .text._out_rev
                0x10001f9c       0xae CMakeFiles/picoPioUartTx.dir/C_/Users/m3925/Documents/Pico/pico-sdk/src/rp2_common/pico_printf/printf.c.obj
 .text._ntoa_format
                0x1000204a      0x112 CMakeFiles/picoPioUartTx.dir/C_/Users/m3925/Documents/Pico/pico-sdk/src/rp2_common/pico_printf/printf.c.obj
 .text._ntoa_long
                0x1000215c       0xbc CMakeFiles/picoPioUartTx.dir/C_/Users/m3925/Documents/Pico/pico-sdk/src/rp2_common/pico_printf/printf.c.obj
 .text._ntoa_long_long
                0x10002218       0xe2 CMakeFiles/picoPioUartTx.dir/C_/Users/m3925/Documents/Pico/pico-sdk/src/rp2_common/pico_printf/printf.c.obj
 *fill*         0x100022fa        0x2 
 .text._etoa    0x100022fc      0x414 CMakeFiles/picoPioUartTx.dir/C_/Users/m3925/Documents/Pico/pico-sdk/src/rp2_common/pico_printf/printf.c.obj
 .text._ftoa    0x10002710      0x354 CMakeFiles/picoPioUartTx.dir/C_/Users/m3925/Documents/Pico/pico-sdk/src/rp2_common/pico_printf/printf.c.obj
 .text._vsnprintf
                0x10002a64      0x624 CMakeFiles/picoPioUartTx.dir/C_/Users/m3925/Documents/Pico/pico-sdk/src/rp2_common/pico_printf/printf.c.obj
 .text.vfctprintf
                0x10003088       0x20 CMakeFiles/picoPioUartTx.dir/C_/Users/m3925/Documents/Pico/pico-sdk/src/rp2_common/pico_printf/printf.c.obj
                0x10003088                vfctprintf
 .text          0x100030a8       0x10 CMakeFiles/picoPioUartTx.dir/C_/Users/m3925/Documents/Pico/pico-sdk/src/rp2_common/pico_bit_ops/bit_ops_aeabi.S.obj
 .text.ctzsi    0x100030b8        0xc CMakeFiles/picoPioUartTx.dir/C_/Users/m3925/Documents/Pico/pico-sdk/src/rp2_common/pico_bit_ops/bit_ops_aeabi.S.obj
                0x100030b8                __wrap___ctzsi2
 .text.rom_func_lookup
                0x100030c4       0x10 CMakeFiles/picoPioUartTx.dir/C_/Users/m3925/Documents/Pico/pico-sdk/src/rp2_common/pico_bootrom/bootrom.c.obj
                0x100030c4                rom_func_lookup
 .text.rom_data_lookup
                0x100030d4       0x10 CMakeFiles/picoPioUartTx.dir/C_/Users/m3925/Documents/Pico/pico-sdk/src/rp2_common/pico_bootrom/bootrom.c.obj
                0x100030d4                rom_data_lookup
 .text.rom_funcs_lookup
                0x100030e4       0x36 CMakeFiles/picoPioUartTx.dir/C_/Users/m3925/Documents/Pico/pico-sdk/src/rp2_common/pico_bootrom/bootrom.c.obj
                0x100030e4                rom_funcs_lookup
 *fill*         0x1000311a        0x2 
 .text.__wrap___aeabi_idiv
                0x1000311c       0x50 CMakeFiles/picoPioUartTx.dir/C_/Users/m3925/Documents/Pico/pico-sdk/src/rp2_common/pico_divider/divider.S.obj
                0x1000311c                __wrap___aeabi_idivmod
                0x1000311c                divmod_s32s32
                0x1000311c                div_s32s32
                0x1000311c                __wrap___aeabi_idiv
                0x10003124                divmod_s32s32_unsafe
                0x10003150                divmod_s32s32_savestate
 .text.__wrap___aeabi_uidiv
                0x1000316c       0x4c CMakeFiles/picoPioUartTx.dir/C_/Users/m3925/Documents/Pico/pico-sdk/src/rp2_common/pico_divider/divider.S.obj
                0x1000316c                __wrap___aeabi_uidiv
                0x1000316c                __wrap___aeabi_uidivmod
                0x1000316c                div_u32u32
                0x1000316c                divmod_u32u32
                0x10003174                divmod_u32u32_unsafe
                0x1000319c                divmod_u32u32_savestate
 .text.__wrap___aeabi_ldiv
                0x100031b8      0x434 CMakeFiles/picoPioUartTx.dir/C_/Users/m3925/Documents/Pico/pico-sdk/src/rp2_common/pico_divider/divider.S.obj
                0x100031b8                div_s64s64
                0x100031b8                divmod_s64s64
                0x100031b8                __wrap___aeabi_ldivmod
                0x100031f0                divmod_u64u64
                0x100031f0                div_u64u64
                0x100031f0                __wrap___aeabi_uldivmod
                0x10003200                divmod_u64u64_savestate
                0x10003228                divmod_s64s64_unsafe
                0x100032b0                divmod_u64u64_unsafe
 .text.__wrap___aeabi_darithmetic
                0x100035ec       0x80 CMakeFiles/picoPioUartTx.dir/C_/Users/m3925/Documents/Pico/pico-sdk/src/rp2_common/pico_double/double_aeabi.S.obj
                0x100035ec                __wrap___aeabi_drsub
                0x100035f2                __wrap___aeabi_dsub
                0x10003604                __wrap___aeabi_dadd
                0x10003616                __wrap___aeabi_ddiv
                0x10003652                __wrap___aeabi_dmul
 .text.__wrap___aeabi_cdcmple
                0x1000366c       0x6c CMakeFiles/picoPioUartTx.dir/C_/Users/m3925/Documents/Pico/pico-sdk/src/rp2_common/pico_double/double_aeabi.S.obj
                0x1000366c                __wrap___aeabi_cdrcmple
                0x1000367c                __wrap___aeabi_cdcmpeq
                0x1000367c                __wrap___aeabi_cdcmple
 .text.__wrap___aeabi_dcmplt
                0x100036d8        0xc CMakeFiles/picoPioUartTx.dir/C_/Users/m3925/Documents/Pico/pico-sdk/src/rp2_common/pico_double/double_aeabi.S.obj
                0x100036d8                __wrap___aeabi_dcmplt
 .text.__wrap___aeabi_dcmple
                0x100036e4       0x10 CMakeFiles/picoPioUartTx.dir/C_/Users/m3925/Documents/Pico/pico-sdk/src/rp2_common/pico_double/double_aeabi.S.obj
                0x100036e4                __wrap___aeabi_dcmple
 .text.__wrap___aeabi_dcmpge
                0x100036f4       0x10 CMakeFiles/picoPioUartTx.dir/C_/Users/m3925/Documents/Pico/pico-sdk/src/rp2_common/pico_double/double_aeabi.S.obj
                0x100036f4                __wrap___aeabi_dcmpge
 .text.__wrap___aeabi_dcmpgt
                0x10003704        0xa CMakeFiles/picoPioUartTx.dir/C_/Users/m3925/Documents/Pico/pico-sdk/src/rp2_common/pico_double/double_aeabi.S.obj
                0x10003704                __wrap___aeabi_dcmpgt
 .text.__wrap___aeabi_dcmpun
                0x1000370e       0x1c CMakeFiles/picoPioUartTx.dir/C_/Users/m3925/Documents/Pico/pico-sdk/src/rp2_common/pico_double/double_aeabi.S.obj
                0x1000370e                __wrap___aeabi_dcmpun
 *fill*         0x1000372a        0x2 
 .text.__wrap___aeabi_i2d
                0x1000372c       0x38 CMakeFiles/picoPioUartTx.dir/C_/Users/m3925/Documents/Pico/pico-sdk/src/rp2_common/pico_double/double_aeabi.S.obj
                0x1000372c                __wrap___aeabi_ui2d
                0x10003734                __wrap___aeabi_i2d
 .text.__wrap___aeabi_d2iz
                0x10003764       0x48 CMakeFiles/picoPioUartTx.dir/C_/Users/m3925/Documents/Pico/pico-sdk/src/rp2_common/pico_double/double_aeabi.S.obj
                0x10003764                double2int_z
                0x10003764                __wrap___aeabi_d2iz
 .text.__wrap___aeabi_d2uiz
                0x100037ac       0x18 CMakeFiles/picoPioUartTx.dir/C_/Users/m3925/Documents/Pico/pico-sdk/src/rp2_common/pico_double/double_aeabi.S.obj
                0x100037ac                __wrap___aeabi_d2uiz
                0x100037ac                double2uint
 .text.__aeabi_double_init
                0x100037c4       0xc8 CMakeFiles/picoPioUartTx.dir/C_/Users/m3925/Documents/Pico/pico-sdk/src/rp2_common/pico_double/double_init_rom.c.obj
                0x100037c4                __aeabi_double_init
 .text.double_table_shim_on_use_helper
                0x1000388c       0x34 CMakeFiles/picoPioUartTx.dir/C_/Users/m3925/Documents/Pico/pico-sdk/src/rp2_common/pico_double/double_v1_rom_shim.S.obj
                0x1000388c                double_table_shim_on_use_helper
 .text.__wrap___aeabi_dsub
                0x100038c0       0x10 CMakeFiles/picoPioUartTx.dir/C_/Users/m3925/Documents/Pico/pico-sdk/src/rp2_common/pico_double/double_v1_rom_shim.S.obj
                0x100038c0                drsub_shim
                0x100038c6                dsub_shim
 .text.dadd_shim
                0x100038d0      0x15c CMakeFiles/picoPioUartTx.dir/C_/Users/m3925/Documents/Pico/pico-sdk/src/rp2_common/pico_double/double_v1_rom_shim.S.obj
                0x100038d0                dadd_shim
 .text.dmul_shim
                0x10003a2c      0x15c CMakeFiles/picoPioUartTx.dir/C_/Users/m3925/Documents/Pico/pico-sdk/src/rp2_common/pico_double/double_v1_rom_shim.S.obj
                0x10003a2c                dmul_shim
 .text.ddiv_shim
                0x10003b88      0x1b0 CMakeFiles/picoPioUartTx.dir/C_/Users/m3925/Documents/Pico/pico-sdk/src/rp2_common/pico_double/double_v1_rom_shim.S.obj
                0x10003b88                ddiv_shim
 .text.double2uint_shim
                0x10003d38        0xe CMakeFiles/picoPioUartTx.dir/C_/Users/m3925/Documents/Pico/pico-sdk/src/rp2_common/pico_double/double_v1_rom_shim.S.obj
                0x10003d38                double2uint_shim
                0x10003d3a                double2ufix_shim
 *fill*         0x10003d46        0x2 
 .text.double2uint64_shim
                0x10003d48       0x70 CMakeFiles/picoPioUartTx.dir/C_/Users/m3925/Documents/Pico/pico-sdk/src/rp2_common/pico_double/double_v1_rom_shim.S.obj
                0x10003d48                double2uint64_shim
                0x10003d4a                double2ufix64_shim
                0x10003d6a                d2fix_a
 .text.dunpacks
                0x10003db8       0x3c CMakeFiles/picoPioUartTx.dir/C_/Users/m3925/Documents/Pico/pico-sdk/src/rp2_common/pico_double/double_v1_rom_shim.S.obj
                0x10003db8                dunpacks
 .text.__aeabi_lmul
                0x10003df4       0x32 CMakeFiles/picoPioUartTx.dir/C_/Users/m3925/Documents/Pico/pico-sdk/src/rp2_common/pico_int64_ops/pico_int64_ops_aeabi.S.obj
                0x10003df4                __wrap___aeabi_lmul
 *fill*         0x10003e26        0x2 
 .text.__wrap___aeabi_farithmetic
                0x10003e28       0x58 CMakeFiles/picoPioUartTx.dir/C_/Users/m3925/Documents/Pico/pico-sdk/src/rp2_common/pico_float/float_aeabi.S.obj
                0x10003e28                __wrap___aeabi_frsub
                0x10003e2e                __wrap___aeabi_fsub
                0x10003e38                __wrap___aeabi_fadd
                0x10003e42                __wrap___aeabi_fdiv
                0x10003e6e                __wrap___aeabi_fmul
 .text.__wrap___aeabi_ui2f
                0x10003e80        0xa CMakeFiles/picoPioUartTx.dir/C_/Users/m3925/Documents/Pico/pico-sdk/src/rp2_common/pico_float/float_aeabi.S.obj
                0x10003e80                __wrap___aeabi_ui2f
 *fill*         0x10003e8a        0x2 
 .text.__wrap___aeabi_i2f
                0x10003e8c       0x44 CMakeFiles/picoPioUartTx.dir/C_/Users/m3925/Documents/Pico/pico-sdk/src/rp2_common/pico_float/float_aeabi.S.obj
                0x10003e8c                __wrap___aeabi_i2f
 .text.__wrap___aeabi_f2uiz
                0x10003ed0       0x10 CMakeFiles/picoPioUartTx.dir/C_/Users/m3925/Documents/Pico/pico-sdk/src/rp2_common/pico_float/float_aeabi.S.obj
                0x10003ed0                __wrap___aeabi_f2uiz
 .text.__aeabi_float_init
                0x10003ee0       0xfc CMakeFiles/picoPioUartTx.dir/C_/Users/m3925/Documents/Pico/pico-sdk/src/rp2_common/pico_float/float_init_rom.c.obj
                0x10003ee0                __aeabi_float_init
 .text.float_table_shim_on_use_helper
                0x10003fdc       0x34 CMakeFiles/picoPioUartTx.dir/C_/Users/m3925/Documents/Pico/pico-sdk/src/rp2_common/pico_float/float_v1_rom_shim.S.obj
                0x10003fdc                float_table_shim_on_use_helper
 .text          0x10004010       0x10 CMakeFiles/picoPioUartTx.dir/C_/Users/m3925/Documents/Pico/pico-sdk/src/rp2_common/pico_mem_ops/mem_ops_aeabi.S.obj
                0x10004010                __aeabi_mem_init
 .text.memset   0x10004020        0xc CMakeFiles/picoPioUartTx.dir/C_/Users/m3925/Documents/Pico/pico-sdk/src/rp2_common/pico_mem_ops/mem_ops_aeabi.S.obj
                0x10004020                __wrap_memset
 .text.memcpy   0x1000402c        0xc CMakeFiles/picoPioUartTx.dir/C_/Users/m3925/Documents/Pico/pico-sdk/src/rp2_common/pico_mem_ops/mem_ops_aeabi.S.obj
                0x1000402c                __wrap_memcpy
                0x1000402c                __wrap___aeabi_memcpy
 .text.stdio_out_chars_no_crlf
                0x10004038        0xe CMakeFiles/picoPioUartTx.dir/C_/Users/m3925/Documents/Pico/pico-sdk/src/rp2_common/pico_stdio/stdio.c.obj
 *fill*         0x10004046        0x2 
 .text.stdio_out_chars_crlf
                0x10004048       0x80 CMakeFiles/picoPioUartTx.dir/C_/Users/m3925/Documents/Pico/pico-sdk/src/rp2_common/pico_stdio/stdio.c.obj
 .text.stdio_stack_buffer_flush
                0x100040c8       0x44 CMakeFiles/picoPioUartTx.dir/C_/Users/m3925/Documents/Pico/pico-sdk/src/rp2_common/pico_stdio/stdio.c.obj
 .text.stdio_buffered_printer
                0x1000410c       0x20 CMakeFiles/picoPioUartTx.dir/C_/Users/m3925/Documents/Pico/pico-sdk/src/rp2_common/pico_stdio/stdio.c.obj
 .text.stdout_serialize_begin
                0x1000412c       0x30 CMakeFiles/picoPioUartTx.dir/C_/Users/m3925/Documents/Pico/pico-sdk/src/rp2_common/pico_stdio/stdio.c.obj
                0x1000412c                stdout_serialize_begin
 .text.stdout_serialize_end
                0x1000415c       0x10 CMakeFiles/picoPioUartTx.dir/C_/Users/m3925/Documents/Pico/pico-sdk/src/rp2_common/pico_stdio/stdio.c.obj
                0x1000415c                stdout_serialize_end
 .text.stdio_put_string
                0x1000416c       0x98 CMakeFiles/picoPioUartTx.dir/C_/Users/m3925/Documents/Pico/pico-sdk/src/rp2_common/pico_stdio/stdio.c.obj
 .text.stdio_flush
                0x10004204       0x20 CMakeFiles/picoPioUartTx.dir/C_/Users/m3925/Documents/Pico/pico-sdk/src/rp2_common/pico_stdio/stdio.c.obj
                0x10004204                stdio_flush
 .text.__wrap_puts
                0x10004224       0x1e CMakeFiles/picoPioUartTx.dir/C_/Users/m3925/Documents/Pico/pico-sdk/src/rp2_common/pico_stdio/stdio.c.obj
                0x10004224                __wrap_puts
 *fill*         0x10004242        0x2 
 .text.__wrap_vprintf
                0x10004244       0x44 CMakeFiles/picoPioUartTx.dir/C_/Users/m3925/Documents/Pico/pico-sdk/src/rp2_common/pico_stdio/stdio.c.obj
                0x10004244                __wrap_vprintf
 .text.__wrap_printf
                0x10004288       0x18 CMakeFiles/picoPioUartTx.dir/C_/Users/m3925/Documents/Pico/pico-sdk/src/rp2_common/pico_stdio/stdio.c.obj
                0x10004288                __wrap_printf
 .text._pio_can_add_program_at_offset
                0x100042a0       0x3c CMakeFiles/picoPioUartTx.dir/C_/Users/m3925/Documents/Pico/pico-sdk/src/rp2_common/hardware_pio/pio.c.obj
 .text._pio_find_offset_for_program
                0x100042dc       0x7c CMakeFiles/picoPioUartTx.dir/C_/Users/m3925/Documents/Pico/pico-sdk/src/rp2_common/hardware_pio/pio.c.obj
 .text._pio_add_program_at_offset
                0x10004358       0x78 CMakeFiles/picoPioUartTx.dir/C_/Users/m3925/Documents/Pico/pico-sdk/src/rp2_common/hardware_pio/pio.c.obj
 .text.pio_add_program
                0x100043d0       0x38 CMakeFiles/picoPioUartTx.dir/C_/Users/m3925/Documents/Pico/pico-sdk/src/rp2_common/hardware_pio/pio.c.obj
                0x100043d0                pio_add_program
 .text.pio_sm_set_pins_with_mask
                0x10004408       0x6c CMakeFiles/picoPioUartTx.dir/C_/Users/m3925/Documents/Pico/pico-sdk/src/rp2_common/hardware_pio/pio.c.obj
                0x10004408                pio_sm_set_pins_with_mask
 .text.pio_sm_set_pindirs_with_mask
                0x10004474       0x70 CMakeFiles/picoPioUartTx.dir/C_/Users/m3925/Documents/Pico/pico-sdk/src/rp2_common/hardware_pio/pio.c.obj
                0x10004474                pio_sm_set_pindirs_with_mask
 .text.pio_sm_init
                0x100044e4       0xe4 CMakeFiles/picoPioUartTx.dir/C_/Users/m3925/Documents/Pico/pico-sdk/src/rp2_common/hardware_pio/pio.c.obj
                0x100044e4                pio_sm_init
 .text.strlen   0x100045c8       0x5c c:/progra~2/gnuarm~1/102021~1.10/bin/../lib/gcc/arm-none-eabi/10.3.1/../../../../arm-none-eabi/lib/thumb/v6-m/nofp\libg.a(lib_a-strlen-stub.o)
                0x100045c8                strlen
 *(.fini)
 .fini          0x10004624        0x4 c:/progra~2/gnuarm~1/102021~1.10/bin/../lib/gcc/arm-none-eabi/10.3.1/thumb/v6-m/nofp/crti.o
                0x10004624                _fini
 .fini.__stub   0x10004628       0x50 linker stubs
 *crtbegin.o(.ctors)
 *crtbegin?.o(.ctors)
 *(EXCLUDE_FILE(*crtend.o *crtend?.o) .ctors)
 *(SORT_BY_NAME(.ctors.*))
 *(.ctors)
 *crtbegin.o(.dtors)
 *crtbegin?.o(.dtors)
 *(EXCLUDE_FILE(*crtend.o *crtend?.o) .dtors)
 *(SORT_BY_NAME(.dtors.*))
 *(.dtors)
 *(.eh_frame*)
 .eh_frame      0x10004678        0x0 c:/progra~2/gnuarm~1/102021~1.10/bin/../lib/gcc/arm-none-eabi/10.3.1/thumb/v6-m/nofp/crtbegin.o
                0x10004678                . = ALIGN (0x4)

.glue_7         0x10004678        0x0
 .glue_7        0x10004678        0x0 linker stubs

.glue_7t        0x10004678        0x0
 .glue_7t       0x10004678        0x0 linker stubs

.vfp11_veneer   0x10004678        0x0
 .vfp11_veneer  0x10004678        0x0 linker stubs

.v4_bx          0x10004678        0x0
 .v4_bx         0x10004678        0x0 linker stubs

.iplt           0x10004678        0x0
 .iplt          0x10004678        0x0 c:/progra~2/gnuarm~1/102021~1.10/bin/../lib/gcc/arm-none-eabi/10.3.1/thumb/v6-m/nofp/crtbegin.o

.rodata         0x10004678      0xff4
 *(EXCLUDE_FILE(*libm.a: *libc.a:*lib_a-mem*.o *libgcc.a:) .rodata*)
 .rodata.main.str1.4
                0x10004678        0x7 CMakeFiles/picoPioUartTx.dir/picoPioUartTx.c.obj
 *fill*         0x1000467f        0x1 
 .rodata.picoPioUartTx_program
                0x10004680        0x6 CMakeFiles/picoPioUartTx.dir/picoPioUartTx.c.obj
 *fill*         0x10004686        0x2 
 .rodata.picoPioUartTx_program_instructions
                0x10004688        0x8 CMakeFiles/picoPioUartTx.dir/picoPioUartTx.c.obj
 .rodata.make_branch.str1.4
                0x10004690       0x79 CMakeFiles/picoPioUartTx.dir/C_/Users/m3925/Documents/Pico/pico-sdk/src/rp2_common/hardware_irq/irq.c.obj
 *fill*         0x10004709        0x3 
 .rodata.insert_branch_and_link.str1.4
                0x1000470c       0x10 CMakeFiles/picoPioUartTx.dir/C_/Users/m3925/Documents/Pico/pico-sdk/src/rp2_common/hardware_irq/irq.c.obj
 .rodata.irq_set_exclusive_handler.str1.4
                0x1000471c       0x36 CMakeFiles/picoPioUartTx.dir/C_/Users/m3925/Documents/Pico/pico-sdk/src/rp2_common/hardware_irq/irq.c.obj
 *fill*         0x10004752        0x2 
 .rodata.irq_add_shared_handler.str1.4
                0x10004754       0xd9 CMakeFiles/picoPioUartTx.dir/C_/Users/m3925/Documents/Pico/pico-sdk/src/rp2_common/hardware_irq/irq.c.obj
 *fill*         0x1000482d        0x3 
 .rodata.irq_remove_handler.str1.4
                0x10004830       0x2a CMakeFiles/picoPioUartTx.dir/C_/Users/m3925/Documents/Pico/pico-sdk/src/rp2_common/hardware_irq/irq.c.obj
 *fill*         0x1000485a        0x2 
 .rodata.irq_add_tail_to_free_list.str1.4
                0x1000485c       0x3a CMakeFiles/picoPioUartTx.dir/C_/Users/m3925/Documents/Pico/pico-sdk/src/rp2_common/hardware_irq/irq.c.obj
 *fill*         0x10004896        0x2 
 .rodata.__func__.0
                0x10004898       0x1a CMakeFiles/picoPioUartTx.dir/C_/Users/m3925/Documents/Pico/pico-sdk/src/rp2_common/hardware_irq/irq.c.obj
 *fill*         0x100048b2        0x2 
 .rodata.__func__.1
                0x100048b4       0x17 CMakeFiles/picoPioUartTx.dir/C_/Users/m3925/Documents/Pico/pico-sdk/src/rp2_common/hardware_irq/irq.c.obj
 *fill*         0x100048cb        0x1 
 .rodata.__func__.2
                0x100048cc       0x13 CMakeFiles/picoPioUartTx.dir/C_/Users/m3925/Documents/Pico/pico-sdk/src/rp2_common/hardware_irq/irq.c.obj
 *fill*         0x100048df        0x1 
 .rodata.__func__.3
                0x100048e0        0xc CMakeFiles/picoPioUartTx.dir/C_/Users/m3925/Documents/Pico/pico-sdk/src/rp2_common/hardware_irq/irq.c.obj
 .rodata.__func__.4
                0x100048ec        0xf CMakeFiles/picoPioUartTx.dir/C_/Users/m3925/Documents/Pico/pico-sdk/src/rp2_common/hardware_irq/irq.c.obj
 *fill*         0x100048fb        0x1 
 .rodata.__func__.6
                0x100048fc       0x1a CMakeFiles/picoPioUartTx.dir/C_/Users/m3925/Documents/Pico/pico-sdk/src/rp2_common/hardware_irq/irq.c.obj
 *fill*         0x10004916        0x2 
 .rodata.repeating_timer_callback.str1.4
                0x10004918       0x57 CMakeFiles/picoPioUartTx.dir/C_/Users/m3925/Documents/Pico/pico-sdk/src/common/pico_time/time.c.obj
 *fill*         0x1000496f        0x1 
 .rodata.alarm_pool_dump_key.str1.4
                0x10004970       0x33 CMakeFiles/picoPioUartTx.dir/C_/Users/m3925/Documents/Pico/pico-sdk/src/common/pico_time/time.c.obj
 *fill*         0x100049a3        0x1 
 .rodata.ph_add_child_node.str1.4
                0x100049a4       0xa2 CMakeFiles/picoPioUartTx.dir/C_/Users/m3925/Documents/Pico/pico-sdk/src/common/pico_time/time.c.obj
 *fill*         0x10004a46        0x2 
 .rodata.add_alarm_under_lock.str1.4
                0x10004a48       0x28 CMakeFiles/picoPioUartTx.dir/C_/Users/m3925/Documents/Pico/pico-sdk/src/common/pico_time/time.c.obj
                                 0x2b (size before relaxing)
 .rodata.alarm_pool_alarm_callback.str1.4
                0x10004a70       0xf2 CMakeFiles/picoPioUartTx.dir/C_/Users/m3925/Documents/Pico/pico-sdk/src/common/pico_time/time.c.obj
 *fill*         0x10004b62        0x2 
 .rodata.alarm_pool_get_default.str1.4
                0x10004b64       0x21 CMakeFiles/picoPioUartTx.dir/C_/Users/m3925/Documents/Pico/pico-sdk/src/common/pico_time/time.c.obj
 *fill*         0x10004b85        0x3 
 .rodata.sleep_until.str1.4
                0x10004b88       0x4d CMakeFiles/picoPioUartTx.dir/C_/Users/m3925/Documents/Pico/pico-sdk/src/common/pico_time/time.c.obj
 *fill*         0x10004bd5        0x3 
 .rodata.__func__.10
                0x10004bd8       0x15 CMakeFiles/picoPioUartTx.dir/C_/Users/m3925/Documents/Pico/pico-sdk/src/common/pico_time/time.c.obj
 *fill*         0x10004bed        0x3 
 .rodata.__func__.11
                0x10004bf0       0x1a CMakeFiles/picoPioUartTx.dir/C_/Users/m3925/Documents/Pico/pico-sdk/src/common/pico_time/time.c.obj
 *fill*         0x10004c0a        0x2 
 .rodata.__func__.12
                0x10004c0c        0xa CMakeFiles/picoPioUartTx.dir/C_/Users/m3925/Documents/Pico/pico-sdk/src/common/pico_time/time.c.obj
 *fill*         0x10004c16        0x2 
 .rodata.__func__.3
                0x10004c18       0x17 CMakeFiles/picoPioUartTx.dir/C_/Users/m3925/Documents/Pico/pico-sdk/src/common/pico_time/time.c.obj
 *fill*         0x10004c2f        0x1 
 .rodata.__func__.4
                0x10004c30       0x12 CMakeFiles/picoPioUartTx.dir/C_/Users/m3925/Documents/Pico/pico-sdk/src/common/pico_time/time.c.obj
 *fill*         0x10004c42        0x2 
 .rodata.__func__.5
                0x10004c44        0xd CMakeFiles/picoPioUartTx.dir/C_/Users/m3925/Documents/Pico/pico-sdk/src/common/pico_time/time.c.obj
 *fill*         0x10004c51        0x3 
 .rodata.__func__.6
                0x10004c54       0x12 CMakeFiles/picoPioUartTx.dir/C_/Users/m3925/Documents/Pico/pico-sdk/src/common/pico_time/time.c.obj
 *fill*         0x10004c66        0x2 
 .rodata.__func__.7
                0x10004c68        0xf CMakeFiles/picoPioUartTx.dir/C_/Users/m3925/Documents/Pico/pico-sdk/src/common/pico_time/time.c.obj
 *fill*         0x10004c77        0x1 
 .rodata.__func__.8
                0x10004c78        0xc CMakeFiles/picoPioUartTx.dir/C_/Users/m3925/Documents/Pico/pico-sdk/src/common/pico_time/time.c.obj
 .rodata.__func__.9
                0x10004c84       0x15 CMakeFiles/picoPioUartTx.dir/C_/Users/m3925/Documents/Pico/pico-sdk/src/common/pico_time/time.c.obj
 *fill*         0x10004c99        0x3 
 .rodata.hardware_alarm_claim.str1.4
                0x10004c9c       0x22 CMakeFiles/picoPioUartTx.dir/C_/Users/m3925/Documents/Pico/pico-sdk/src/rp2_common/hardware_timer/timer.c.obj
 *fill*         0x10004cbe        0x2 
 .rodata.hardware_alarm_set_target.str1.4
                0x10004cc0       0x71 CMakeFiles/picoPioUartTx.dir/C_/Users/m3925/Documents/Pico/pico-sdk/src/rp2_common/hardware_timer/timer.c.obj
 *fill*         0x10004d31        0x3 
 .rodata.__func__.0
                0x10004d34       0x1a CMakeFiles/picoPioUartTx.dir/C_/Users/m3925/Documents/Pico/pico-sdk/src/rp2_common/hardware_timer/timer.c.obj
 .rodata.ph_add_child_node.str1.4
                0x10004d4e       0xa2 CMakeFiles/picoPioUartTx.dir/C_/Users/m3925/Documents/Pico/pico-sdk/src/common/pico_util/pheap.c.obj
 *fill*         0x10004d4e        0x2 
 .rodata.ph_remove_any_head.str1.4
                0x10004d50       0x98 CMakeFiles/picoPioUartTx.dir/C_/Users/m3925/Documents/Pico/pico-sdk/src/common/pico_util/pheap.c.obj
 .rodata.ph_remove_and_free_node.str1.4
                0x10004de8       0x1e CMakeFiles/picoPioUartTx.dir/C_/Users/m3925/Documents/Pico/pico-sdk/src/common/pico_util/pheap.c.obj
                                 0x26 (size before relaxing)
 *fill*         0x10004e06        0x2 
 .rodata.__func__.0
                0x10004e08       0x18 CMakeFiles/picoPioUartTx.dir/C_/Users/m3925/Documents/Pico/pico-sdk/src/common/pico_util/pheap.c.obj
 .rodata.__func__.1
                0x10004e20       0x13 CMakeFiles/picoPioUartTx.dir/C_/Users/m3925/Documents/Pico/pico-sdk/src/common/pico_util/pheap.c.obj
 *fill*         0x10004e33        0x1 
 .rodata.__func__.2
                0x10004e34       0x12 CMakeFiles/picoPioUartTx.dir/C_/Users/m3925/Documents/Pico/pico-sdk/src/common/pico_util/pheap.c.obj
 *fill*         0x10004e46        0x2 
 .rodata.__func__.3
                0x10004e48        0xc CMakeFiles/picoPioUartTx.dir/C_/Users/m3925/Documents/Pico/pico-sdk/src/common/pico_util/pheap.c.obj
 .rodata.str1.4
                0x10004e54       0x95 CMakeFiles/picoPioUartTx.dir/C_/Users/m3925/Documents/Pico/pico-sdk/src/common/pico_sync/mutex.c.obj
                                0x105 (size before relaxing)
 *fill*         0x10004ee9        0x3 
 .rodata.__func__.1
                0x10004eec        0xb CMakeFiles/picoPioUartTx.dir/C_/Users/m3925/Documents/Pico/pico-sdk/src/common/pico_sync/mutex.c.obj
 *fill*         0x10004ef7        0x1 
 .rodata.__assert_func.str1.4
                0x10004ef8       0x3f CMakeFiles/picoPioUartTx.dir/C_/Users/m3925/Documents/Pico/pico-sdk/src/rp2_common/pico_runtime/runtime.c.obj
                                 0x43 (size before relaxing)
 *fill*         0x10004f37        0x1 
 .rodata.runtime_init.str1.4
                0x10004f38       0x6d CMakeFiles/picoPioUartTx.dir/C_/Users/m3925/Documents/Pico/pico-sdk/src/rp2_common/pico_runtime/runtime.c.obj
 *fill*         0x10004fa5        0x3 
 .rodata.panic.str1.4
                0x10004fa8       0x12 CMakeFiles/picoPioUartTx.dir/C_/Users/m3925/Documents/Pico/pico-sdk/src/rp2_common/pico_runtime/runtime.c.obj
 *fill*         0x10004fba        0x2 
 .rodata.__func__.1
                0x10004fbc        0xd CMakeFiles/picoPioUartTx.dir/C_/Users/m3925/Documents/Pico/pico-sdk/src/rp2_common/pico_runtime/runtime.c.obj
 *fill*         0x10004fc9        0x3 
 .rodata.clock_configure.str1.4
                0x10004fcc       0x63 CMakeFiles/picoPioUartTx.dir/C_/Users/m3925/Documents/Pico/pico-sdk/src/rp2_common/hardware_clocks/clocks.c.obj
 *fill*         0x1000502f        0x1 
 .rodata.__func__.1
                0x10005030       0x10 CMakeFiles/picoPioUartTx.dir/C_/Users/m3925/Documents/Pico/pico-sdk/src/rp2_common/hardware_clocks/clocks.c.obj
 .rodata.pll_init.str1.4
                0x10005040      0x147 CMakeFiles/picoPioUartTx.dir/C_/Users/m3925/Documents/Pico/pico-sdk/src/rp2_common/hardware_pll/pll.c.obj
 *fill*         0x10005187        0x1 
 .rodata.__func__.0
                0x10005188        0x9 CMakeFiles/picoPioUartTx.dir/C_/Users/m3925/Documents/Pico/pico-sdk/src/rp2_common/hardware_pll/pll.c.obj
 *fill*         0x10005191        0x3 
 .rodata._ftoa.str1.4
                0x10005194       0x15 CMakeFiles/picoPioUartTx.dir/C_/Users/m3925/Documents/Pico/pico-sdk/src/rp2_common/pico_printf/printf.c.obj
 *fill*         0x100051a9        0x3 
 .rodata._vsnprintf
                0x100051ac      0x1e0 CMakeFiles/picoPioUartTx.dir/C_/Users/m3925/Documents/Pico/pico-sdk/src/rp2_common/pico_printf/printf.c.obj
 *fill*         0x1000538c        0x4 
 .rodata.pow10.0
                0x10005390       0x50 CMakeFiles/picoPioUartTx.dir/C_/Users/m3925/Documents/Pico/pico-sdk/src/rp2_common/pico_printf/printf.c.obj
 .rodata.__aeabi_double_init.str1.4
                0x100053e0       0xb4 CMakeFiles/picoPioUartTx.dir/C_/Users/m3925/Documents/Pico/pico-sdk/src/rp2_common/pico_double/double_init_rom.c.obj
 .rodata.__func__.0
                0x10005494       0x14 CMakeFiles/picoPioUartTx.dir/C_/Users/m3925/Documents/Pico/pico-sdk/src/rp2_common/pico_double/double_init_rom.c.obj
 .rodata.__aeabi_float_init.str1.4
                0x100054a8       0x86 CMakeFiles/picoPioUartTx.dir/C_/Users/m3925/Documents/Pico/pico-sdk/src/rp2_common/pico_float/float_init_rom.c.obj
                                 0x8a (size before relaxing)
 *fill*         0x1000552e        0x2 
 .rodata.__func__.0
                0x10005530       0x13 CMakeFiles/picoPioUartTx.dir/C_/Users/m3925/Documents/Pico/pico-sdk/src/rp2_common/pico_float/float_init_rom.c.obj
 *fill*         0x10005543        0x1 
 .rodata.str1.4
                0x10005544       0x48 CMakeFiles/picoPioUartTx.dir/C_/Users/m3925/Documents/Pico/pico-sdk/src/rp2_common/pico_standard_link/binary_info.c.obj
 .rodata.__bi_44
                0x1000558c        0xc CMakeFiles/picoPioUartTx.dir/C_/Users/m3925/Documents/Pico/pico-sdk/src/rp2_common/pico_standard_link/binary_info.c.obj
 .rodata.__bi_56
                0x10005598        0xc CMakeFiles/picoPioUartTx.dir/C_/Users/m3925/Documents/Pico/pico-sdk/src/rp2_common/pico_standard_link/binary_info.c.obj
 .rodata.__bi_75
                0x100055a4        0xc CMakeFiles/picoPioUartTx.dir/C_/Users/m3925/Documents/Pico/pico-sdk/src/rp2_common/pico_standard_link/binary_info.c.obj
 .rodata.__bi_81
                0x100055b0        0xc CMakeFiles/picoPioUartTx.dir/C_/Users/m3925/Documents/Pico/pico-sdk/src/rp2_common/pico_standard_link/binary_info.c.obj
 .rodata.crlf_str.3
                0x100055bc        0x2 CMakeFiles/picoPioUartTx.dir/C_/Users/m3925/Documents/Pico/pico-sdk/src/rp2_common/pico_stdio/stdio.c.obj
 *fill*         0x100055be        0x2 
 .rodata._pio_find_offset_for_program.str1.4
                0x100055c0       0x75 CMakeFiles/picoPioUartTx.dir/C_/Users/m3925/Documents/Pico/pico-sdk/src/rp2_common/hardware_pio/pio.c.obj
 *fill*         0x10005635        0x3 
 .rodata._pio_add_program_at_offset.str1.4
                0x10005638       0x11 CMakeFiles/picoPioUartTx.dir/C_/Users/m3925/Documents/Pico/pico-sdk/src/rp2_common/hardware_pio/pio.c.obj
 *fill*         0x10005649        0x3 
 .rodata.__func__.1
                0x1000564c       0x1d CMakeFiles/picoPioUartTx.dir/C_/Users/m3925/Documents/Pico/pico-sdk/src/rp2_common/hardware_pio/pio.c.obj
                0x1000566c                . = ALIGN (0x4)
 *fill*         0x10005669        0x3 
 *(SORT_BY_ALIGNMENT(SORT_BY_NAME(.flashdata*)))
                0x1000566c                . = ALIGN (0x4)

.rel.dyn        0x1000566c        0x0
 .rel.iplt      0x1000566c        0x0 c:/progra~2/gnuarm~1/102021~1.10/bin/../lib/gcc/arm-none-eabi/10.3.1/thumb/v6-m/nofp/crtbegin.o

.ARM.extab
 *(.ARM.extab* .gnu.linkonce.armextab.*)
                0x1000566c                __exidx_start = .

.ARM.exidx
 *(.ARM.exidx* .gnu.linkonce.armexidx.*)
                0x1000566c                __exidx_end = .
                0x1000566c                . = ALIGN (0x4)
                0x1000566c                __binary_info_start = .

.binary_info    0x1000566c       0x20
 *(.binary_info.keep.*)
 .binary_info.keep.__bi_ptr22
                0x1000566c        0x4 CMakeFiles/picoPioUartTx.dir/C_/Users/m3925/Documents/Pico/pico-sdk/src/rp2_common/pico_standard_link/binary_info.c.obj
 .binary_info.keep.__bi_ptr30
                0x10005670        0x4 CMakeFiles/picoPioUartTx.dir/C_/Users/m3925/Documents/Pico/pico-sdk/src/rp2_common/pico_standard_link/binary_info.c.obj
 .binary_info.keep.__bi_ptr38
                0x10005674        0x4 CMakeFiles/picoPioUartTx.dir/C_/Users/m3925/Documents/Pico/pico-sdk/src/rp2_common/pico_standard_link/binary_info.c.obj
 .binary_info.keep.__bi_ptr44
                0x10005678        0x4 CMakeFiles/picoPioUartTx.dir/C_/Users/m3925/Documents/Pico/pico-sdk/src/rp2_common/pico_standard_link/binary_info.c.obj
 .binary_info.keep.__bi_ptr50
                0x1000567c        0x4 CMakeFiles/picoPioUartTx.dir/C_/Users/m3925/Documents/Pico/pico-sdk/src/rp2_common/pico_standard_link/binary_info.c.obj
 .binary_info.keep.__bi_ptr56
                0x10005680        0x4 CMakeFiles/picoPioUartTx.dir/C_/Users/m3925/Documents/Pico/pico-sdk/src/rp2_common/pico_standard_link/binary_info.c.obj
 .binary_info.keep.__bi_ptr75
                0x10005684        0x4 CMakeFiles/picoPioUartTx.dir/C_/Users/m3925/Documents/Pico/pico-sdk/src/rp2_common/pico_standard_link/binary_info.c.obj
 .binary_info.keep.__bi_ptr81
                0x10005688        0x4 CMakeFiles/picoPioUartTx.dir/C_/Users/m3925/Documents/Pico/pico-sdk/src/rp2_common/pico_standard_link/binary_info.c.obj
 *(.binary_info.*)
                0x1000568c                __binary_info_end = .
                0x1000568c                . = ALIGN (0x4)
                0x1000568c                __etext = .

.ram_vector_table
                0x20000000       0xc0
 *(.ram_vector_table)
 .ram_vector_table
                0x20000000       0xc0 CMakeFiles/picoPioUartTx.dir/C_/Users/m3925/Documents/Pico/pico-sdk/src/rp2_common/pico_runtime/runtime.c.obj
                0x20000000                ram_vector_table

.data           0x200000c0      0x1ac load address 0x1000568c
                0x200000c0                __data_start__ = .
 *(vtable)
 *(.time_critical*)
 .time_critical.mutex_enter_blocking
                0x200000c0       0x48 CMakeFiles/picoPioUartTx.dir/C_/Users/m3925/Documents/Pico/pico-sdk/src/common/pico_sync/mutex.c.obj
                0x200000c0                mutex_enter_blocking
 .time_critical.mutex_try_enter
                0x20000108       0x46 CMakeFiles/picoPioUartTx.dir/C_/Users/m3925/Documents/Pico/pico-sdk/src/common/pico_sync/mutex.c.obj
                0x20000108                mutex_try_enter
 *fill*         0x2000014e        0x2 
 .time_critical.mutex_exit
                0x20000150       0x4c CMakeFiles/picoPioUartTx.dir/C_/Users/m3925/Documents/Pico/pico-sdk/src/common/pico_sync/mutex.c.obj
                0x20000150                mutex_exit
 *(.text*)
 .text          0x2000019c        0x4 c:/progra~2/gnuarm~1/102021~1.10/bin/../lib/gcc/arm-none-eabi/10.3.1/thumb/v6-m/nofp\libgcc.a(_dvmd_tls.o)
                0x2000019c                __aeabi_idiv0
                0x2000019c                __aeabi_ldiv0
 .text.__stub   0x200001a0       0x10 linker stubs
                0x200001b0                . = ALIGN (0x4)
 *(.rodata*)
                0x200001b0                . = ALIGN (0x4)
 *(.data*)
 .data.striped_spin_lock_num
                0x200001b0        0x1 CMakeFiles/picoPioUartTx.dir/C_/Users/m3925/Documents/Pico/pico-sdk/src/rp2_common/hardware_sync/sync.c.obj
 *fill*         0x200001b1        0x3 
 .data          0x200001b4       0x48 CMakeFiles/picoPioUartTx.dir/C_/Users/m3925/Documents/Pico/pico-sdk/src/rp2_common/hardware_irq/irq_handler_chain.S.obj
                0x200001b4                irq_handler_chain_slots
                0x200001e4                irq_handler_chain_first_slot
                0x200001ee                irq_handler_chain_remove_tail
 .data.default_alarm_pool
                0x200001fc       0x18 CMakeFiles/picoPioUartTx.dir/C_/Users/m3925/Documents/Pico/pico-sdk/src/common/pico_time/time.c.obj
 .data.default_alarm_pool_heap
                0x20000214       0x10 CMakeFiles/picoPioUartTx.dir/C_/Users/m3925/Documents/Pico/pico-sdk/src/common/pico_time/time.c.obj
 *fill*         0x20000224        0xc 
 .data.aeabi_bits_funcs
                0x20000230       0x10 CMakeFiles/picoPioUartTx.dir/C_/Users/m3925/Documents/Pico/pico-sdk/src/rp2_common/pico_bit_ops/bit_ops_aeabi.S.obj
                0x20000230                aeabi_bits_funcs
                0x20000240                aeabi_bits_funcs_end
 .data.aeabi_mem_funcs
                0x20000240       0x10 CMakeFiles/picoPioUartTx.dir/C_/Users/m3925/Documents/Pico/pico-sdk/src/rp2_common/pico_mem_ops/mem_ops_aeabi.S.obj
                0x20000240                aeabi_mem_funcs
                0x20000250                aeabi_mem_funcs_end
                0x20000250                . = ALIGN (0x4)
 *(.after_data.*)
                0x20000250                . = ALIGN (0x4)
                0x20000250                PROVIDE (__mutex_array_start = .)
 *(SORT_BY_NAME(.mutex_array.*))
 *(.mutex_array)
 .mutex_array   0x20000250        0x8 CMakeFiles/picoPioUartTx.dir/C_/Users/m3925/Documents/Pico/pico-sdk/src/rp2_common/pico_stdio/stdio.c.obj
                0x20000258                PROVIDE (__mutex_array_end = .)
                0x20000258                . = ALIGN (0x4)
                0x20000258                PROVIDE (__preinit_array_start = .)
 *(SORT_BY_NAME(.preinit_array.*))
 .preinit_array.00001
                0x20000258        0x4 CMakeFiles/picoPioUartTx.dir/C_/Users/m3925/Documents/Pico/pico-sdk/src/rp2_common/pico_mem_ops/mem_ops_aeabi.S.obj
 .preinit_array.00010
                0x2000025c        0x4 CMakeFiles/picoPioUartTx.dir/C_/Users/m3925/Documents/Pico/pico-sdk/src/rp2_common/pico_bit_ops/bit_ops_aeabi.S.obj
 .preinit_array.00020
                0x20000260        0x4 CMakeFiles/picoPioUartTx.dir/C_/Users/m3925/Documents/Pico/pico-sdk/src/rp2_common/pico_double/double_aeabi.S.obj
 .preinit_array.00020
                0x20000264        0x4 CMakeFiles/picoPioUartTx.dir/C_/Users/m3925/Documents/Pico/pico-sdk/src/rp2_common/pico_float/float_aeabi.S.obj
 *(.preinit_array)
                0x20000268                PROVIDE (__preinit_array_end = .)
                0x20000268                . = ALIGN (0x4)
                0x20000268                PROVIDE (__init_array_start = .)
 *(SORT_BY_NAME(.init_array.*))
 *(.init_array)
 .init_array    0x20000268        0x4 c:/progra~2/gnuarm~1/102021~1.10/bin/../lib/gcc/arm-none-eabi/10.3.1/thumb/v6-m/nofp/crtbegin.o
                0x2000026c                PROVIDE (__init_array_end = .)
                0x2000026c                . = ALIGN (0x4)
                [!provide]                PROVIDE (__fini_array_start = .)
 *(SORT_BY_NAME(.fini_array.*))
 *(.fini_array)
                [!provide]                PROVIDE (__fini_array_end = .)
 *(.jcr)
                0x2000026c                . = ALIGN (0x4)
                0x2000026c                __data_end__ = .

.igot.plt       0x2000026c        0x0 load address 0x10005838
 .igot.plt      0x2000026c        0x0 c:/progra~2/gnuarm~1/102021~1.10/bin/../lib/gcc/arm-none-eabi/10.3.1/thumb/v6-m/nofp/crtbegin.o

.uninitialized_data
                0x2000026c        0x0 load address 0x10005838
                0x2000026c                . = ALIGN (0x4)
 *(.uninitialized_data*)

.scratch_x      0x20040000        0x0 load address 0x10005838
                0x20040000                __scratch_x_start__ = .
 *(.scratch_x.*)
                0x20040000                . = ALIGN (0x4)
                0x20040000                __scratch_x_end__ = .
                0x10005838                __scratch_x_source__ = LOADADDR (.scratch_x)

.scratch_y      0x20041000        0x0 load address 0x10005838
                0x20041000                __scratch_y_start__ = .
 *(.scratch_y.*)
                0x20041000                . = ALIGN (0x4)
                0x20041000                __scratch_y_end__ = .
                0x10005838                __scratch_y_source__ = LOADADDR (.scratch_y)

.bss            0x20000270      0x3d0
                0x20000270                . = ALIGN (0x4)
                0x20000270                __bss_start__ = .
 *(SORT_BY_ALIGNMENT(SORT_BY_NAME(.bss*)))
 .bss.default_alarm_pool_entries
                0x20000270      0x100 CMakeFiles/picoPioUartTx.dir/C_/Users/m3925/Documents/Pico/pico-sdk/src/common/pico_time/time.c.obj
 .bss           0x20000370       0x1c c:/progra~2/gnuarm~1/102021~1.10/bin/../lib/gcc/arm-none-eabi/10.3.1/thumb/v6-m/nofp/crtbegin.o
 .bss._used_instruction_space
                0x2000038c        0x8 CMakeFiles/picoPioUartTx.dir/C_/Users/m3925/Documents/Pico/pico-sdk/src/rp2_common/hardware_pio/pio.c.obj
 .bss.alarm_callbacks
                0x20000394       0x10 CMakeFiles/picoPioUartTx.dir/C_/Users/m3925/Documents/Pico/pico-sdk/src/rp2_common/hardware_timer/timer.c.obj
 .bss.configured_freq
                0x200003a4       0x28 CMakeFiles/picoPioUartTx.dir/C_/Users/m3925/Documents/Pico/pico-sdk/src/rp2_common/hardware_clocks/clocks.c.obj
 .bss.default_alarm_pool_entry_ids_high
                0x200003cc       0x10 CMakeFiles/picoPioUartTx.dir/C_/Users/m3925/Documents/Pico/pico-sdk/src/common/pico_time/time.c.obj
 .bss.default_alarm_pool_heap_nodes
                0x200003dc       0x30 CMakeFiles/picoPioUartTx.dir/C_/Users/m3925/Documents/Pico/pico-sdk/src/common/pico_time/time.c.obj
 .bss.drivers   0x2000040c        0x4 CMakeFiles/picoPioUartTx.dir/C_/Users/m3925/Documents/Pico/pico-sdk/src/rp2_common/pico_stdio/stdio.c.obj
 .bss.filter    0x20000410        0x4 CMakeFiles/picoPioUartTx.dir/C_/Users/m3925/Documents/Pico/pico-sdk/src/rp2_common/pico_stdio/stdio.c.obj
 .bss.pools     0x20000414       0x10 CMakeFiles/picoPioUartTx.dir/C_/Users/m3925/Documents/Pico/pico-sdk/src/common/pico_time/time.c.obj
 .bss.sd_table  0x20000424      0x100 CMakeFiles/picoPioUartTx.dir/C_/Users/m3925/Documents/Pico/pico-sdk/src/rp2_common/pico_double/double_init_rom.c.obj
                0x20000424                sd_table
 .bss.sf_clz_func
                0x20000524        0x4 CMakeFiles/picoPioUartTx.dir/C_/Users/m3925/Documents/Pico/pico-sdk/src/rp2_common/pico_double/double_init_rom.c.obj
                0x20000524                sf_clz_func
 .bss.sf_table  0x20000528      0x100 CMakeFiles/picoPioUartTx.dir/C_/Users/m3925/Documents/Pico/pico-sdk/src/rp2_common/pico_float/float_init_rom.c.obj
                0x20000528                sf_table
 .bss.sleep_notifier
                0x20000628        0x4 CMakeFiles/picoPioUartTx.dir/C_/Users/m3925/Documents/Pico/pico-sdk/src/common/pico_time/time.c.obj
 .bss.target_hi
                0x2000062c       0x10 CMakeFiles/picoPioUartTx.dir/C_/Users/m3925/Documents/Pico/pico-sdk/src/rp2_common/hardware_timer/timer.c.obj
 .bss.claimed   0x2000063c        0x1 CMakeFiles/picoPioUartTx.dir/C_/Users/m3925/Documents/Pico/pico-sdk/src/rp2_common/hardware_timer/timer.c.obj
 .bss.irq_hander_chain_free_slot_head
                0x2000063d        0x1 CMakeFiles/picoPioUartTx.dir/C_/Users/m3925/Documents/Pico/pico-sdk/src/rp2_common/hardware_irq/irq.c.obj
 .bss.timer_callbacks_pending
                0x2000063e        0x1 CMakeFiles/picoPioUartTx.dir/C_/Users/m3925/Documents/Pico/pico-sdk/src/rp2_common/hardware_timer/timer.c.obj
 *(COMMON)
                0x20000640                . = ALIGN (0x4)
 *fill*         0x2000063f        0x1 
                0x20000640                __bss_end__ = .

.heap           0x20000640      0x800
                0x20000640                __end__ = .
                0x20000640                end = __end__
 *(.heap*)
 .heap          0x20000640      0x800 CMakeFiles/picoPioUartTx.dir/C_/Users/m3925/Documents/Pico/pico-sdk/src/rp2_common/pico_standard_link/crt0.S.obj
                0x20000e40                __HeapLimit = .

.stack1_dummy   0x20040000        0x0
 *(.stack1*)

.stack_dummy    0x20041000      0x800
 *(.stack*)
 .stack         0x20041000      0x800 CMakeFiles/picoPioUartTx.dir/C_/Users/m3925/Documents/Pico/pico-sdk/src/rp2_common/pico_standard_link/crt0.S.obj

.flash_end      0x10005838        0x0
                0x10005838                __flash_binary_end = .
                0x20040000                __StackLimit = (ORIGIN (RAM) + LENGTH (RAM))
                0x20041000                __StackOneTop = (ORIGIN (SCRATCH_X) + LENGTH (SCRATCH_X))
                0x20042000                __StackTop = (ORIGIN (SCRATCH_Y) + LENGTH (SCRATCH_Y))
                0x20041000                __StackOneBottom = (__StackOneTop - SIZEOF (.stack1_dummy))
                0x20041800                __StackBottom = (__StackTop - SIZEOF (.stack_dummy))
                0x20042000                PROVIDE (__stack = __StackTop)
                0x00000001                ASSERT ((__StackLimit >= __HeapLimit), region RAM overflowed)
                0x00000001                ASSERT (((__binary_info_header_end - __logical_binary_start) <= 0x100), Binary info must be in first 256 bytes of the binary)
LOAD CMakeFiles/picoPioUartTx.dir/picoPioUartTx.c.obj
LOAD CMakeFiles/picoPioUartTx.dir/C_/Users/m3925/Documents/Pico/pico-sdk/src/rp2_common/pico_stdlib/stdlib.c.obj
LOAD CMakeFiles/picoPioUartTx.dir/C_/Users/m3925/Documents/Pico/pico-sdk/src/rp2_common/hardware_gpio/gpio.c.obj
LOAD CMakeFiles/picoPioUartTx.dir/C_/Users/m3925/Documents/Pico/pico-sdk/src/rp2_common/hardware_claim/claim.c.obj
LOAD CMakeFiles/picoPioUartTx.dir/C_/Users/m3925/Documents/Pico/pico-sdk/src/rp2_common/pico_platform/platform.c.obj
LOAD CMakeFiles/picoPioUartTx.dir/C_/Users/m3925/Documents/Pico/pico-sdk/src/rp2_common/hardware_sync/sync.c.obj
LOAD CMakeFiles/picoPioUartTx.dir/C_/Users/m3925/Documents/Pico/pico-sdk/src/rp2_common/hardware_irq/irq.c.obj
LOAD CMakeFiles/picoPioUartTx.dir/C_/Users/m3925/Documents/Pico/pico-sdk/src/rp2_common/hardware_irq/irq_handler_chain.S.obj
LOAD CMakeFiles/picoPioUartTx.dir/C_/Users/m3925/Documents/Pico/pico-sdk/src/common/pico_sync/sem.c.obj
LOAD CMakeFiles/picoPioUartTx.dir/C_/Users/m3925/Documents/Pico/pico-sdk/src/common/pico_sync/lock_core.c.obj
LOAD CMakeFiles/picoPioUartTx.dir/C_/Users/m3925/Documents/Pico/pico-sdk/src/common/pico_time/time.c.obj
LOAD CMakeFiles/picoPioUartTx.dir/C_/Users/m3925/Documents/Pico/pico-sdk/src/common/pico_time/timeout_helper.c.obj
LOAD CMakeFiles/picoPioUartTx.dir/C_/Users/m3925/Documents/Pico/pico-sdk/src/rp2_common/hardware_timer/timer.c.obj
LOAD CMakeFiles/picoPioUartTx.dir/C_/Users/m3925/Documents/Pico/pico-sdk/src/common/pico_util/datetime.c.obj
LOAD CMakeFiles/picoPioUartTx.dir/C_/Users/m3925/Documents/Pico/pico-sdk/src/common/pico_util/pheap.c.obj
LOAD CMakeFiles/picoPioUartTx.dir/C_/Users/m3925/Documents/Pico/pico-sdk/src/common/pico_util/queue.c.obj
LOAD CMakeFiles/picoPioUartTx.dir/C_/Users/m3925/Documents/Pico/pico-sdk/src/common/pico_sync/mutex.c.obj
LOAD CMakeFiles/picoPioUartTx.dir/C_/Users/m3925/Documents/Pico/pico-sdk/src/common/pico_sync/critical_section.c.obj
LOAD CMakeFiles/picoPioUartTx.dir/C_/Users/m3925/Documents/Pico/pico-sdk/src/rp2_common/hardware_uart/uart.c.obj
LOAD CMakeFiles/picoPioUartTx.dir/C_/Users/m3925/Documents/Pico/pico-sdk/src/rp2_common/hardware_divider/divider.S.obj
LOAD CMakeFiles/picoPioUartTx.dir/C_/Users/m3925/Documents/Pico/pico-sdk/src/rp2_common/pico_runtime/runtime.c.obj
LOAD CMakeFiles/picoPioUartTx.dir/C_/Users/m3925/Documents/Pico/pico-sdk/src/rp2_common/hardware_clocks/clocks.c.obj
LOAD CMakeFiles/picoPioUartTx.dir/C_/Users/m3925/Documents/Pico/pico-sdk/src/rp2_common/hardware_pll/pll.c.obj
LOAD CMakeFiles/picoPioUartTx.dir/C_/Users/m3925/Documents/Pico/pico-sdk/src/rp2_common/hardware_vreg/vreg.c.obj
LOAD CMakeFiles/picoPioUartTx.dir/C_/Users/m3925/Documents/Pico/pico-sdk/src/rp2_common/hardware_watchdog/watchdog.c.obj
LOAD CMakeFiles/picoPioUartTx.dir/C_/Users/m3925/Documents/Pico/pico-sdk/src/rp2_common/hardware_xosc/xosc.c.obj
LOAD CMakeFiles/picoPioUartTx.dir/C_/Users/m3925/Documents/Pico/pico-sdk/src/rp2_common/pico_printf/printf.c.obj
LOAD CMakeFiles/picoPioUartTx.dir/C_/Users/m3925/Documents/Pico/pico-sdk/src/rp2_common/pico_bit_ops/bit_ops_aeabi.S.obj
LOAD CMakeFiles/picoPioUartTx.dir/C_/Users/m3925/Documents/Pico/pico-sdk/src/rp2_common/pico_bootrom/bootrom.c.obj
LOAD CMakeFiles/picoPioUartTx.dir/C_/Users/m3925/Documents/Pico/pico-sdk/src/rp2_common/pico_divider/divider.S.obj
LOAD CMakeFiles/picoPioUartTx.dir/C_/Users/m3925/Documents/Pico/pico-sdk/src/rp2_common/pico_double/double_aeabi.S.obj
LOAD CMakeFiles/picoPioUartTx.dir/C_/Users/m3925/Documents/Pico/pico-sdk/src/rp2_common/pico_double/double_init_rom.c.obj
LOAD CMakeFiles/picoPioUartTx.dir/C_/Users/m3925/Documents/Pico/pico-sdk/src/rp2_common/pico_double/double_math.c.obj
LOAD CMakeFiles/picoPioUartTx.dir/C_/Users/m3925/Documents/Pico/pico-sdk/src/rp2_common/pico_double/double_v1_rom_shim.S.obj
LOAD CMakeFiles/picoPioUartTx.dir/C_/Users/m3925/Documents/Pico/pico-sdk/src/rp2_common/pico_int64_ops/pico_int64_ops_aeabi.S.obj
LOAD CMakeFiles/picoPioUartTx.dir/C_/Users/m3925/Documents/Pico/pico-sdk/src/rp2_common/pico_float/float_aeabi.S.obj
LOAD CMakeFiles/picoPioUartTx.dir/C_/Users/m3925/Documents/Pico/pico-sdk/src/rp2_common/pico_float/float_init_rom.c.obj
LOAD CMakeFiles/picoPioUartTx.dir/C_/Users/m3925/Documents/Pico/pico-sdk/src/rp2_common/pico_float/float_math.c.obj
LOAD CMakeFiles/picoPioUartTx.dir/C_/Users/m3925/Documents/Pico/pico-sdk/src/rp2_common/pico_float/float_v1_rom_shim.S.obj
LOAD CMakeFiles/picoPioUartTx.dir/C_/Users/m3925/Documents/Pico/pico-sdk/src/rp2_common/pico_malloc/pico_malloc.c.obj
LOAD CMakeFiles/picoPioUartTx.dir/C_/Users/m3925/Documents/Pico/pico-sdk/src/rp2_common/pico_mem_ops/mem_ops_aeabi.S.obj
LOAD CMakeFiles/picoPioUartTx.dir/C_/Users/m3925/Documents/Pico/pico-sdk/src/rp2_common/pico_standard_link/crt0.S.obj
LOAD CMakeFiles/picoPioUartTx.dir/C_/Users/m3925/Documents/Pico/pico-sdk/src/rp2_common/pico_standard_link/new_delete.cpp.obj
LOAD CMakeFiles/picoPioUartTx.dir/C_/Users/m3925/Documents/Pico/pico-sdk/src/rp2_common/pico_standard_link/binary_info.c.obj
LOAD CMakeFiles/picoPioUartTx.dir/C_/Users/m3925/Documents/Pico/pico-sdk/src/rp2_common/pico_stdio/stdio.c.obj
LOAD CMakeFiles/picoPioUartTx.dir/C_/Users/m3925/Documents/Pico/pico-sdk/src/rp2_common/hardware_pio/pio.c.obj
LOAD C:\Users\m3925\AppData\Local\Temp\ccAeaIzo.o
LOAD c:/progra~2/gnuarm~1/102021~1.10/bin/../lib/gcc/arm-none-eabi/10.3.1/../../../../arm-none-eabi/lib/thumb/v6-m/nofp\libstdc++.a
LOAD c:/progra~2/gnuarm~1/102021~1.10/bin/../lib/gcc/arm-none-eabi/10.3.1/../../../../arm-none-eabi/lib/thumb/v6-m/nofp\libm.a
START GROUP
LOAD c:/progra~2/gnuarm~1/102021~1.10/bin/../lib/gcc/arm-none-eabi/10.3.1/thumb/v6-m/nofp\libgcc.a
LOAD c:/progra~2/gnuarm~1/102021~1.10/bin/../lib/gcc/arm-none-eabi/10.3.1/../../../../arm-none-eabi/lib/thumb/v6-m/nofp\libg.a
LOAD c:/progra~2/gnuarm~1/102021~1.10/bin/../lib/gcc/arm-none-eabi/10.3.1/../../../../arm-none-eabi/lib/thumb/v6-m/nofp\libc.a
END GROUP
START GROUP
LOAD c:/progra~2/gnuarm~1/102021~1.10/bin/../lib/gcc/arm-none-eabi/10.3.1/thumb/v6-m/nofp\libgcc.a
LOAD c:/progra~2/gnuarm~1/102021~1.10/bin/../lib/gcc/arm-none-eabi/10.3.1/../../../../arm-none-eabi/lib/thumb/v6-m/nofp\libc.a
LOAD c:/progra~2/gnuarm~1/102021~1.10/bin/../lib/gcc/arm-none-eabi/10.3.1/../../../../arm-none-eabi/lib/thumb/v6-m/nofp\libnosys.a
END GROUP
LOAD c:/progra~2/gnuarm~1/102021~1.10/bin/../lib/gcc/arm-none-eabi/10.3.1/thumb/v6-m/nofp/crtend.o
LOAD c:/progra~2/gnuarm~1/102021~1.10/bin/../lib/gcc/arm-none-eabi/10.3.1/thumb/v6-m/nofp/crtn.o
OUTPUT(picoPioUartTx.elf elf32-littlearm)
LOAD linker stubs

.ARM.attributes
                0x00000000       0x28
 .ARM.attributes
                0x00000000       0x1e c:/progra~2/gnuarm~1/102021~1.10/bin/../lib/gcc/arm-none-eabi/10.3.1/thumb/v6-m/nofp/crti.o
 .ARM.attributes
                0x0000001e       0x2c c:/progra~2/gnuarm~1/102021~1.10/bin/../lib/gcc/arm-none-eabi/10.3.1/thumb/v6-m/nofp/crtbegin.o
 .ARM.attributes
                0x0000004a       0x2c CMakeFiles/picoPioUartTx.dir/picoPioUartTx.c.obj
 .ARM.attributes
                0x00000076       0x2c CMakeFiles/picoPioUartTx.dir/C_/Users/m3925/Documents/Pico/pico-sdk/src/rp2_common/hardware_gpio/gpio.c.obj
 .ARM.attributes
                0x000000a2       0x2c CMakeFiles/picoPioUartTx.dir/C_/Users/m3925/Documents/Pico/pico-sdk/src/rp2_common/hardware_claim/claim.c.obj
 .ARM.attributes
                0x000000ce       0x2c CMakeFiles/picoPioUartTx.dir/C_/Users/m3925/Documents/Pico/pico-sdk/src/rp2_common/pico_platform/platform.c.obj
 .ARM.attributes
                0x000000fa       0x2c CMakeFiles/picoPioUartTx.dir/C_/Users/m3925/Documents/Pico/pico-sdk/src/rp2_common/hardware_sync/sync.c.obj
 .ARM.attributes
                0x00000126       0x2c CMakeFiles/picoPioUartTx.dir/C_/Users/m3925/Documents/Pico/pico-sdk/src/rp2_common/hardware_irq/irq.c.obj
 .ARM.attributes
                0x00000152       0x22 CMakeFiles/picoPioUartTx.dir/C_/Users/m3925/Documents/Pico/pico-sdk/src/rp2_common/hardware_irq/irq_handler_chain.S.obj
 .ARM.attributes
                0x00000174       0x2c CMakeFiles/picoPioUartTx.dir/C_/Users/m3925/Documents/Pico/pico-sdk/src/common/pico_sync/lock_core.c.obj
 .ARM.attributes
                0x000001a0       0x2c CMakeFiles/picoPioUartTx.dir/C_/Users/m3925/Documents/Pico/pico-sdk/src/common/pico_time/time.c.obj
 .ARM.attributes
                0x000001cc       0x2c CMakeFiles/picoPioUartTx.dir/C_/Users/m3925/Documents/Pico/pico-sdk/src/rp2_common/hardware_timer/timer.c.obj
 .ARM.attributes
                0x000001f8       0x2c CMakeFiles/picoPioUartTx.dir/C_/Users/m3925/Documents/Pico/pico-sdk/src/common/pico_util/pheap.c.obj
 .ARM.attributes
                0x00000224       0x2c CMakeFiles/picoPioUartTx.dir/C_/Users/m3925/Documents/Pico/pico-sdk/src/common/pico_sync/mutex.c.obj
 .ARM.attributes
                0x00000250       0x2c CMakeFiles/picoPioUartTx.dir/C_/Users/m3925/Documents/Pico/pico-sdk/src/rp2_common/pico_runtime/runtime.c.obj
 .ARM.attributes
                0x0000027c       0x2c CMakeFiles/picoPioUartTx.dir/C_/Users/m3925/Documents/Pico/pico-sdk/src/rp2_common/hardware_clocks/clocks.c.obj
 .ARM.attributes
                0x000002a8       0x2c CMakeFiles/picoPioUartTx.dir/C_/Users/m3925/Documents/Pico/pico-sdk/src/rp2_common/hardware_pll/pll.c.obj
 .ARM.attributes
                0x000002d4       0x2c CMakeFiles/picoPioUartTx.dir/C_/Users/m3925/Documents/Pico/pico-sdk/src/rp2_common/hardware_watchdog/watchdog.c.obj
 .ARM.attributes
                0x00000300       0x2c CMakeFiles/picoPioUartTx.dir/C_/Users/m3925/Documents/Pico/pico-sdk/src/rp2_common/hardware_xosc/xosc.c.obj
 .ARM.attributes
                0x0000032c       0x2c CMakeFiles/picoPioUartTx.dir/C_/Users/m3925/Documents/Pico/pico-sdk/src/rp2_common/pico_printf/printf.c.obj
 .ARM.attributes
                0x00000358       0x22 CMakeFiles/picoPioUartTx.dir/C_/Users/m3925/Documents/Pico/pico-sdk/src/rp2_common/pico_bit_ops/bit_ops_aeabi.S.obj
 .ARM.attributes
                0x0000037a       0x2c CMakeFiles/picoPioUartTx.dir/C_/Users/m3925/Documents/Pico/pico-sdk/src/rp2_common/pico_bootrom/bootrom.c.obj
 .ARM.attributes
                0x000003a6       0x22 CMakeFiles/picoPioUartTx.dir/C_/Users/m3925/Documents/Pico/pico-sdk/src/rp2_common/pico_divider/divider.S.obj
 .ARM.attributes
                0x000003c8       0x22 CMakeFiles/picoPioUartTx.dir/C_/Users/m3925/Documents/Pico/pico-sdk/src/rp2_common/pico_double/double_aeabi.S.obj
 .ARM.attributes
                0x000003ea       0x2c CMakeFiles/picoPioUartTx.dir/C_/Users/m3925/Documents/Pico/pico-sdk/src/rp2_common/pico_double/double_init_rom.c.obj
 .ARM.attributes
                0x00000416       0x22 CMakeFiles/picoPioUartTx.dir/C_/Users/m3925/Documents/Pico/pico-sdk/src/rp2_common/pico_double/double_v1_rom_shim.S.obj
 .ARM.attributes
                0x00000438       0x22 CMakeFiles/picoPioUartTx.dir/C_/Users/m3925/Documents/Pico/pico-sdk/src/rp2_common/pico_int64_ops/pico_int64_ops_aeabi.S.obj
 .ARM.attributes
                0x0000045a       0x22 CMakeFiles/picoPioUartTx.dir/C_/Users/m3925/Documents/Pico/pico-sdk/src/rp2_common/pico_float/float_aeabi.S.obj
 .ARM.attributes
                0x0000047c       0x2c CMakeFiles/picoPioUartTx.dir/C_/Users/m3925/Documents/Pico/pico-sdk/src/rp2_common/pico_float/float_init_rom.c.obj
 .ARM.attributes
                0x000004a8       0x22 CMakeFiles/picoPioUartTx.dir/C_/Users/m3925/Documents/Pico/pico-sdk/src/rp2_common/pico_float/float_v1_rom_shim.S.obj
 .ARM.attributes
                0x000004ca       0x22 CMakeFiles/picoPioUartTx.dir/C_/Users/m3925/Documents/Pico/pico-sdk/src/rp2_common/pico_mem_ops/mem_ops_aeabi.S.obj
 .ARM.attributes
                0x000004ec       0x22 CMakeFiles/picoPioUartTx.dir/C_/Users/m3925/Documents/Pico/pico-sdk/src/rp2_common/pico_standard_link/crt0.S.obj
 .ARM.attributes
                0x0000050e       0x2c CMakeFiles/picoPioUartTx.dir/C_/Users/m3925/Documents/Pico/pico-sdk/src/rp2_common/pico_standard_link/binary_info.c.obj
 .ARM.attributes
                0x0000053a       0x2c CMakeFiles/picoPioUartTx.dir/C_/Users/m3925/Documents/Pico/pico-sdk/src/rp2_common/pico_stdio/stdio.c.obj
 .ARM.attributes
                0x00000566       0x2c CMakeFiles/picoPioUartTx.dir/C_/Users/m3925/Documents/Pico/pico-sdk/src/rp2_common/hardware_pio/pio.c.obj
 .ARM.attributes
                0x00000592       0x22 C:\Users\m3925\AppData\Local\Temp\ccAeaIzo.o
 .ARM.attributes
                0x000005b4       0x1e c:/progra~2/gnuarm~1/102021~1.10/bin/../lib/gcc/arm-none-eabi/10.3.1/thumb/v6-m/nofp\libgcc.a(_dvmd_tls.o)
 .ARM.attributes
                0x000005d2       0x2c c:/progra~2/gnuarm~1/102021~1.10/bin/../lib/gcc/arm-none-eabi/10.3.1/../../../../arm-none-eabi/lib/thumb/v6-m/nofp\libg.a(lib_a-strlen-stub.o)

.comment        0x00000000       0x49
 .comment       0x00000000       0x49 CMakeFiles/picoPioUartTx.dir/picoPioUartTx.c.obj
                                 0x4a (size before relaxing)
 .comment       0x00000049       0x4a CMakeFiles/picoPioUartTx.dir/C_/Users/m3925/Documents/Pico/pico-sdk/src/rp2_common/hardware_gpio/gpio.c.obj
 .comment       0x00000049       0x4a CMakeFiles/picoPioUartTx.dir/C_/Users/m3925/Documents/Pico/pico-sdk/src/rp2_common/hardware_claim/claim.c.obj
 .comment       0x00000049       0x4a CMakeFiles/picoPioUartTx.dir/C_/Users/m3925/Documents/Pico/pico-sdk/src/rp2_common/pico_platform/platform.c.obj
 .comment       0x00000049       0x4a CMakeFiles/picoPioUartTx.dir/C_/Users/m3925/Documents/Pico/pico-sdk/src/rp2_common/hardware_sync/sync.c.obj
 .comment       0x00000049       0x4a CMakeFiles/picoPioUartTx.dir/C_/Users/m3925/Documents/Pico/pico-sdk/src/rp2_common/hardware_irq/irq.c.obj
 .comment       0x00000049       0x4a CMakeFiles/picoPioUartTx.dir/C_/Users/m3925/Documents/Pico/pico-sdk/src/common/pico_sync/lock_core.c.obj
 .comment       0x00000049       0x4a CMakeFiles/picoPioUartTx.dir/C_/Users/m3925/Documents/Pico/pico-sdk/src/common/pico_time/time.c.obj
 .comment       0x00000049       0x4a CMakeFiles/picoPioUartTx.dir/C_/Users/m3925/Documents/Pico/pico-sdk/src/rp2_common/hardware_timer/timer.c.obj
 .comment       0x00000049       0x4a CMakeFiles/picoPioUartTx.dir/C_/Users/m3925/Documents/Pico/pico-sdk/src/common/pico_util/pheap.c.obj
 .comment       0x00000049       0x4a CMakeFiles/picoPioUartTx.dir/C_/Users/m3925/Documents/Pico/pico-sdk/src/common/pico_sync/mutex.c.obj
 .comment       0x00000049       0x4a CMakeFiles/picoPioUartTx.dir/C_/Users/m3925/Documents/Pico/pico-sdk/src/rp2_common/pico_runtime/runtime.c.obj
 .comment       0x00000049       0x4a CMakeFiles/picoPioUartTx.dir/C_/Users/m3925/Documents/Pico/pico-sdk/src/rp2_common/hardware_clocks/clocks.c.obj
 .comment       0x00000049       0x4a CMakeFiles/picoPioUartTx.dir/C_/Users/m3925/Documents/Pico/pico-sdk/src/rp2_common/hardware_pll/pll.c.obj
 .comment       0x00000049       0x4a CMakeFiles/picoPioUartTx.dir/C_/Users/m3925/Documents/Pico/pico-sdk/src/rp2_common/hardware_watchdog/watchdog.c.obj
 .comment       0x00000049       0x4a CMakeFiles/picoPioUartTx.dir/C_/Users/m3925/Documents/Pico/pico-sdk/src/rp2_common/hardware_xosc/xosc.c.obj
 .comment       0x00000049       0x4a CMakeFiles/picoPioUartTx.dir/C_/Users/m3925/Documents/Pico/pico-sdk/src/rp2_common/pico_printf/printf.c.obj
 .comment       0x00000049       0x4a CMakeFiles/picoPioUartTx.dir/C_/Users/m3925/Documents/Pico/pico-sdk/src/rp2_common/pico_bootrom/bootrom.c.obj
 .comment       0x00000049       0x4a CMakeFiles/picoPioUartTx.dir/C_/Users/m3925/Documents/Pico/pico-sdk/src/rp2_common/pico_double/double_init_rom.c.obj
 .comment       0x00000049       0x4a CMakeFiles/picoPioUartTx.dir/C_/Users/m3925/Documents/Pico/pico-sdk/src/rp2_common/pico_float/float_init_rom.c.obj
 .comment       0x00000049       0x4a CMakeFiles/picoPioUartTx.dir/C_/Users/m3925/Documents/Pico/pico-sdk/src/rp2_common/pico_standard_link/binary_info.c.obj
 .comment       0x00000049       0x4a CMakeFiles/picoPioUartTx.dir/C_/Users/m3925/Documents/Pico/pico-sdk/src/rp2_common/pico_stdio/stdio.c.obj
 .comment       0x00000049       0x4a CMakeFiles/picoPioUartTx.dir/C_/Users/m3925/Documents/Pico/pico-sdk/src/rp2_common/hardware_pio/pio.c.obj

.debug_info     0x00000000    0x154da
 .debug_info    0x00000000     0x12f8 CMakeFiles/picoPioUartTx.dir/picoPioUartTx.c.obj
 .debug_info    0x000012f8     0x16d7 CMakeFiles/picoPioUartTx.dir/C_/Users/m3925/Documents/Pico/pico-sdk/src/rp2_common/hardware_gpio/gpio.c.obj
 .debug_info    0x000029cf      0x6bb CMakeFiles/picoPioUartTx.dir/C_/Users/m3925/Documents/Pico/pico-sdk/src/rp2_common/hardware_claim/claim.c.obj
 .debug_info    0x0000308a      0x1e3 CMakeFiles/picoPioUartTx.dir/C_/Users/m3925/Documents/Pico/pico-sdk/src/rp2_common/pico_platform/platform.c.obj
 .debug_info    0x0000326d      0x58e CMakeFiles/picoPioUartTx.dir/C_/Users/m3925/Documents/Pico/pico-sdk/src/rp2_common/hardware_sync/sync.c.obj
 .debug_info    0x000037fb     0x1c49 CMakeFiles/picoPioUartTx.dir/C_/Users/m3925/Documents/Pico/pico-sdk/src/rp2_common/hardware_irq/irq.c.obj
 .debug_info    0x00005444      0x1a4 CMakeFiles/picoPioUartTx.dir/C_/Users/m3925/Documents/Pico/pico-sdk/src/common/pico_sync/lock_core.c.obj
 .debug_info    0x000055e8     0x3b3b CMakeFiles/picoPioUartTx.dir/C_/Users/m3925/Documents/Pico/pico-sdk/src/common/pico_time/time.c.obj
 .debug_info    0x00009123     0x1134 CMakeFiles/picoPioUartTx.dir/C_/Users/m3925/Documents/Pico/pico-sdk/src/rp2_common/hardware_timer/timer.c.obj
 .debug_info    0x0000a257     0x120c CMakeFiles/picoPioUartTx.dir/C_/Users/m3925/Documents/Pico/pico-sdk/src/common/pico_util/pheap.c.obj
 .debug_info    0x0000b463     0x2022 CMakeFiles/picoPioUartTx.dir/C_/Users/m3925/Documents/Pico/pico-sdk/src/common/pico_sync/mutex.c.obj
 .debug_info    0x0000d485      0xa87 CMakeFiles/picoPioUartTx.dir/C_/Users/m3925/Documents/Pico/pico-sdk/src/rp2_common/pico_runtime/runtime.c.obj
 .debug_info    0x0000df0c      0xf63 CMakeFiles/picoPioUartTx.dir/C_/Users/m3925/Documents/Pico/pico-sdk/src/rp2_common/hardware_clocks/clocks.c.obj
 .debug_info    0x0000ee6f      0x54a CMakeFiles/picoPioUartTx.dir/C_/Users/m3925/Documents/Pico/pico-sdk/src/rp2_common/hardware_pll/pll.c.obj
 .debug_info    0x0000f3b9      0x4ee CMakeFiles/picoPioUartTx.dir/C_/Users/m3925/Documents/Pico/pico-sdk/src/rp2_common/hardware_watchdog/watchdog.c.obj
 .debug_info    0x0000f8a7      0x1d8 CMakeFiles/picoPioUartTx.dir/C_/Users/m3925/Documents/Pico/pico-sdk/src/rp2_common/hardware_xosc/xosc.c.obj
 .debug_info    0x0000fa7f     0x1a5f CMakeFiles/picoPioUartTx.dir/C_/Users/m3925/Documents/Pico/pico-sdk/src/rp2_common/pico_printf/printf.c.obj
 .debug_info    0x000114de       0x22 CMakeFiles/picoPioUartTx.dir/C_/Users/m3925/Documents/Pico/pico-sdk/src/rp2_common/pico_bit_ops/bit_ops_aeabi.S.obj
 .debug_info    0x00011500      0x27c CMakeFiles/picoPioUartTx.dir/C_/Users/m3925/Documents/Pico/pico-sdk/src/rp2_common/pico_bootrom/bootrom.c.obj
 .debug_info    0x0001177c       0x22 CMakeFiles/picoPioUartTx.dir/C_/Users/m3925/Documents/Pico/pico-sdk/src/rp2_common/pico_divider/divider.S.obj
 .debug_info    0x0001179e       0x22 CMakeFiles/picoPioUartTx.dir/C_/Users/m3925/Documents/Pico/pico-sdk/src/rp2_common/pico_double/double_aeabi.S.obj
 .debug_info    0x000117c0      0x2d1 CMakeFiles/picoPioUartTx.dir/C_/Users/m3925/Documents/Pico/pico-sdk/src/rp2_common/pico_double/double_init_rom.c.obj
 .debug_info    0x00011a91       0x22 CMakeFiles/picoPioUartTx.dir/C_/Users/m3925/Documents/Pico/pico-sdk/src/rp2_common/pico_double/double_v1_rom_shim.S.obj
 .debug_info    0x00011ab3       0x26 CMakeFiles/picoPioUartTx.dir/C_/Users/m3925/Documents/Pico/pico-sdk/src/rp2_common/pico_int64_ops/pico_int64_ops_aeabi.S.obj
 .debug_info    0x00011ad9       0x22 CMakeFiles/picoPioUartTx.dir/C_/Users/m3925/Documents/Pico/pico-sdk/src/rp2_common/pico_float/float_aeabi.S.obj
 .debug_info    0x00011afb      0x2eb CMakeFiles/picoPioUartTx.dir/C_/Users/m3925/Documents/Pico/pico-sdk/src/rp2_common/pico_float/float_init_rom.c.obj
 .debug_info    0x00011de6       0x22 CMakeFiles/picoPioUartTx.dir/C_/Users/m3925/Documents/Pico/pico-sdk/src/rp2_common/pico_float/float_v1_rom_shim.S.obj
 .debug_info    0x00011e08       0x22 CMakeFiles/picoPioUartTx.dir/C_/Users/m3925/Documents/Pico/pico-sdk/src/rp2_common/pico_mem_ops/mem_ops_aeabi.S.obj
 .debug_info    0x00011e2a       0x22 CMakeFiles/picoPioUartTx.dir/C_/Users/m3925/Documents/Pico/pico-sdk/src/rp2_common/pico_standard_link/crt0.S.obj
 .debug_info    0x00011e4c      0x327 CMakeFiles/picoPioUartTx.dir/C_/Users/m3925/Documents/Pico/pico-sdk/src/rp2_common/pico_standard_link/binary_info.c.obj
 .debug_info    0x00012173     0x12d4 CMakeFiles/picoPioUartTx.dir/C_/Users/m3925/Documents/Pico/pico-sdk/src/rp2_common/pico_stdio/stdio.c.obj
 .debug_info    0x00013447     0x2093 CMakeFiles/picoPioUartTx.dir/C_/Users/m3925/Documents/Pico/pico-sdk/src/rp2_common/hardware_pio/pio.c.obj

.debug_abbrev   0x00000000     0x406f
 .debug_abbrev  0x00000000      0x436 CMakeFiles/picoPioUartTx.dir/picoPioUartTx.c.obj
 .debug_abbrev  0x00000436      0x326 CMakeFiles/picoPioUartTx.dir/C_/Users/m3925/Documents/Pico/pico-sdk/src/rp2_common/hardware_gpio/gpio.c.obj
 .debug_abbrev  0x0000075c      0x2e9 CMakeFiles/picoPioUartTx.dir/C_/Users/m3925/Documents/Pico/pico-sdk/src/rp2_common/hardware_claim/claim.c.obj
 .debug_abbrev  0x00000a45       0xeb CMakeFiles/picoPioUartTx.dir/C_/Users/m3925/Documents/Pico/pico-sdk/src/rp2_common/pico_platform/platform.c.obj
 .debug_abbrev  0x00000b30      0x21b CMakeFiles/picoPioUartTx.dir/C_/Users/m3925/Documents/Pico/pico-sdk/src/rp2_common/hardware_sync/sync.c.obj
 .debug_abbrev  0x00000d4b      0x4fc CMakeFiles/picoPioUartTx.dir/C_/Users/m3925/Documents/Pico/pico-sdk/src/rp2_common/hardware_irq/irq.c.obj
 .debug_abbrev  0x00001247      0x116 CMakeFiles/picoPioUartTx.dir/C_/Users/m3925/Documents/Pico/pico-sdk/src/common/pico_sync/lock_core.c.obj
 .debug_abbrev  0x0000135d      0x54d CMakeFiles/picoPioUartTx.dir/C_/Users/m3925/Documents/Pico/pico-sdk/src/common/pico_time/time.c.obj
 .debug_abbrev  0x000018aa      0x3a2 CMakeFiles/picoPioUartTx.dir/C_/Users/m3925/Documents/Pico/pico-sdk/src/rp2_common/hardware_timer/timer.c.obj
 .debug_abbrev  0x00001c4c      0x297 CMakeFiles/picoPioUartTx.dir/C_/Users/m3925/Documents/Pico/pico-sdk/src/common/pico_util/pheap.c.obj
 .debug_abbrev  0x00001ee3      0x386 CMakeFiles/picoPioUartTx.dir/C_/Users/m3925/Documents/Pico/pico-sdk/src/common/pico_sync/mutex.c.obj
 .debug_abbrev  0x00002269      0x3aa CMakeFiles/picoPioUartTx.dir/C_/Users/m3925/Documents/Pico/pico-sdk/src/rp2_common/pico_runtime/runtime.c.obj
 .debug_abbrev  0x00002613      0x3a5 CMakeFiles/picoPioUartTx.dir/C_/Users/m3925/Documents/Pico/pico-sdk/src/rp2_common/hardware_clocks/clocks.c.obj
 .debug_abbrev  0x000029b8      0x1ea CMakeFiles/picoPioUartTx.dir/C_/Users/m3925/Documents/Pico/pico-sdk/src/rp2_common/hardware_pll/pll.c.obj
 .debug_abbrev  0x00002ba2      0x1a8 CMakeFiles/picoPioUartTx.dir/C_/Users/m3925/Documents/Pico/pico-sdk/src/rp2_common/hardware_watchdog/watchdog.c.obj
 .debug_abbrev  0x00002d4a      0x109 CMakeFiles/picoPioUartTx.dir/C_/Users/m3925/Documents/Pico/pico-sdk/src/rp2_common/hardware_xosc/xosc.c.obj
 .debug_abbrev  0x00002e53      0x384 CMakeFiles/picoPioUartTx.dir/C_/Users/m3925/Documents/Pico/pico-sdk/src/rp2_common/pico_printf/printf.c.obj
 .debug_abbrev  0x000031d7       0x12 CMakeFiles/picoPioUartTx.dir/C_/Users/m3925/Documents/Pico/pico-sdk/src/rp2_common/pico_bit_ops/bit_ops_aeabi.S.obj
 .debug_abbrev  0x000031e9      0x13b CMakeFiles/picoPioUartTx.dir/C_/Users/m3925/Documents/Pico/pico-sdk/src/rp2_common/pico_bootrom/bootrom.c.obj
 .debug_abbrev  0x00003324       0x12 CMakeFiles/picoPioUartTx.dir/C_/Users/m3925/Documents/Pico/pico-sdk/src/rp2_common/pico_divider/divider.S.obj
 .debug_abbrev  0x00003336       0x12 CMakeFiles/picoPioUartTx.dir/C_/Users/m3925/Documents/Pico/pico-sdk/src/rp2_common/pico_double/double_aeabi.S.obj
 .debug_abbrev  0x00003348      0x179 CMakeFiles/picoPioUartTx.dir/C_/Users/m3925/Documents/Pico/pico-sdk/src/rp2_common/pico_double/double_init_rom.c.obj
 .debug_abbrev  0x000034c1       0x12 CMakeFiles/picoPioUartTx.dir/C_/Users/m3925/Documents/Pico/pico-sdk/src/rp2_common/pico_double/double_v1_rom_shim.S.obj
 .debug_abbrev  0x000034d3       0x14 CMakeFiles/picoPioUartTx.dir/C_/Users/m3925/Documents/Pico/pico-sdk/src/rp2_common/pico_int64_ops/pico_int64_ops_aeabi.S.obj
 .debug_abbrev  0x000034e7       0x12 CMakeFiles/picoPioUartTx.dir/C_/Users/m3925/Documents/Pico/pico-sdk/src/rp2_common/pico_float/float_aeabi.S.obj
 .debug_abbrev  0x000034f9      0x18c CMakeFiles/picoPioUartTx.dir/C_/Users/m3925/Documents/Pico/pico-sdk/src/rp2_common/pico_float/float_init_rom.c.obj
 .debug_abbrev  0x00003685       0x12 CMakeFiles/picoPioUartTx.dir/C_/Users/m3925/Documents/Pico/pico-sdk/src/rp2_common/pico_float/float_v1_rom_shim.S.obj
 .debug_abbrev  0x00003697       0x12 CMakeFiles/picoPioUartTx.dir/C_/Users/m3925/Documents/Pico/pico-sdk/src/rp2_common/pico_mem_ops/mem_ops_aeabi.S.obj
 .debug_abbrev  0x000036a9       0x12 CMakeFiles/picoPioUartTx.dir/C_/Users/m3925/Documents/Pico/pico-sdk/src/rp2_common/pico_standard_link/crt0.S.obj
 .debug_abbrev  0x000036bb       0xad CMakeFiles/picoPioUartTx.dir/C_/Users/m3925/Documents/Pico/pico-sdk/src/rp2_common/pico_standard_link/binary_info.c.obj
 .debug_abbrev  0x00003768      0x4c3 CMakeFiles/picoPioUartTx.dir/C_/Users/m3925/Documents/Pico/pico-sdk/src/rp2_common/pico_stdio/stdio.c.obj
 .debug_abbrev  0x00003c2b      0x444 CMakeFiles/picoPioUartTx.dir/C_/Users/m3925/Documents/Pico/pico-sdk/src/rp2_common/hardware_pio/pio.c.obj

.debug_loc      0x00000000     0xf097
 .debug_loc     0x00000000      0x88d CMakeFiles/picoPioUartTx.dir/picoPioUartTx.c.obj
 .debug_loc     0x0000088d     0x118d CMakeFiles/picoPioUartTx.dir/C_/Users/m3925/Documents/Pico/pico-sdk/src/rp2_common/hardware_gpio/gpio.c.obj
 .debug_loc     0x00001a1a      0x45f CMakeFiles/picoPioUartTx.dir/C_/Users/m3925/Documents/Pico/pico-sdk/src/rp2_common/hardware_claim/claim.c.obj
 .debug_loc     0x00001e79       0xe9 CMakeFiles/picoPioUartTx.dir/C_/Users/m3925/Documents/Pico/pico-sdk/src/rp2_common/pico_platform/platform.c.obj
 .debug_loc     0x00001f62      0x233 CMakeFiles/picoPioUartTx.dir/C_/Users/m3925/Documents/Pico/pico-sdk/src/rp2_common/hardware_sync/sync.c.obj
 .debug_loc     0x00002195     0x1365 CMakeFiles/picoPioUartTx.dir/C_/Users/m3925/Documents/Pico/pico-sdk/src/rp2_common/hardware_irq/irq.c.obj
 .debug_loc     0x000034fa       0x60 CMakeFiles/picoPioUartTx.dir/C_/Users/m3925/Documents/Pico/pico-sdk/src/common/pico_sync/lock_core.c.obj
 .debug_loc     0x0000355a     0x2e2a CMakeFiles/picoPioUartTx.dir/C_/Users/m3925/Documents/Pico/pico-sdk/src/common/pico_time/time.c.obj
 .debug_loc     0x00006384      0x952 CMakeFiles/picoPioUartTx.dir/C_/Users/m3925/Documents/Pico/pico-sdk/src/rp2_common/hardware_timer/timer.c.obj
 .debug_loc     0x00006cd6     0x1439 CMakeFiles/picoPioUartTx.dir/C_/Users/m3925/Documents/Pico/pico-sdk/src/common/pico_util/pheap.c.obj
 .debug_loc     0x0000810f     0x1469 CMakeFiles/picoPioUartTx.dir/C_/Users/m3925/Documents/Pico/pico-sdk/src/common/pico_sync/mutex.c.obj
 .debug_loc     0x00009578      0x3f0 CMakeFiles/picoPioUartTx.dir/C_/Users/m3925/Documents/Pico/pico-sdk/src/rp2_common/pico_runtime/runtime.c.obj
 .debug_loc     0x00009968      0x7eb CMakeFiles/picoPioUartTx.dir/C_/Users/m3925/Documents/Pico/pico-sdk/src/rp2_common/hardware_clocks/clocks.c.obj
 .debug_loc     0x0000a153      0x32f CMakeFiles/picoPioUartTx.dir/C_/Users/m3925/Documents/Pico/pico-sdk/src/rp2_common/hardware_pll/pll.c.obj
 .debug_loc     0x0000a482      0x2ec CMakeFiles/picoPioUartTx.dir/C_/Users/m3925/Documents/Pico/pico-sdk/src/rp2_common/hardware_watchdog/watchdog.c.obj
 .debug_loc     0x0000a76e       0x71 CMakeFiles/picoPioUartTx.dir/C_/Users/m3925/Documents/Pico/pico-sdk/src/rp2_common/hardware_xosc/xosc.c.obj
 .debug_loc     0x0000a7df     0x2095 CMakeFiles/picoPioUartTx.dir/C_/Users/m3925/Documents/Pico/pico-sdk/src/rp2_common/pico_printf/printf.c.obj
 .debug_loc     0x0000c874      0x1a1 CMakeFiles/picoPioUartTx.dir/C_/Users/m3925/Documents/Pico/pico-sdk/src/rp2_common/pico_bootrom/bootrom.c.obj
 .debug_loc     0x0000ca15       0x59 CMakeFiles/picoPioUartTx.dir/C_/Users/m3925/Documents/Pico/pico-sdk/src/rp2_common/pico_double/double_init_rom.c.obj
 .debug_loc     0x0000ca6e       0x73 CMakeFiles/picoPioUartTx.dir/C_/Users/m3925/Documents/Pico/pico-sdk/src/rp2_common/pico_float/float_init_rom.c.obj
 .debug_loc     0x0000cae1      0xb7b CMakeFiles/picoPioUartTx.dir/C_/Users/m3925/Documents/Pico/pico-sdk/src/rp2_common/pico_stdio/stdio.c.obj
 .debug_loc     0x0000d65c     0x1a3b CMakeFiles/picoPioUartTx.dir/C_/Users/m3925/Documents/Pico/pico-sdk/src/rp2_common/hardware_pio/pio.c.obj

.debug_aranges  0x00000000      0xdf8
 .debug_aranges
                0x00000000       0x30 CMakeFiles/picoPioUartTx.dir/picoPioUartTx.c.obj
 .debug_aranges
                0x00000030      0x100 CMakeFiles/picoPioUartTx.dir/C_/Users/m3925/Documents/Pico/pico-sdk/src/rp2_common/hardware_gpio/gpio.c.obj
 .debug_aranges